border_size=1
usage=map

Ms          , Ms          , Mm          , Ms          , Wo          , Mm          , Ms          , Mm          , Ms          , Ms          , Wwf         , Wwf         , Ms          , Mm          , Mm          , Mm          , Mm          , Mm          , Mm          , Ms          , Mm          , Mm          , Mm^Xm       , Mm^Xm       , Mm^Xm       , Mm^Xm       , Wwr         , Wwr         , Wo          , Wo          , Wwr         , Wwr         , Mm^Xm       , Mm^Xm       , Mm^Xm       , Ms          , Mm^Xm       , Mm^Xm       , Mm^Xm       , Mm^Xm       , Mm^Xm       , Mm^Xm       , Mm^Xm       , Mm^Xm       , Mm^Xm       , Mm^Xm       , Mm^Xm       , Ha          , Ha^Fma      , Mm^Xm       , Mm^Xm       , Mm^Xm       , Mm^Xm       
Ms          , Mm          , Mm          , Mm          , Wo          , Mm          , Rd          , Rp^Vhc      , Rp          , Ms          , Rp          , Ww          , Wwf         , Rp^Vhc      , Mm          , Mm          , Mm          , Mm          , Rr          , Ch          , Gg^Vh       , Ch          , Mm          , Mm^Xm       , Wwr         , Wwr         , Wo          , Wo          , Wwf         , Wo          , Wo          , Ha          , Mm^Xm       , Mm^Xm       , Mm^Xm       , Mm^Xm       , Rr          , Mm^Xm       , Ha^Fda      , Mm^Xm       , Ha          , Ha^Fpa      , Aa          , Ha^Fma      , Wwf         , Mm^Xm       , Wo          , Ai          , Rr          , Rd          , Uu^Vu       , Aa          , Mm^Xm       
Mm          , Mm          , Rp^Vhc      , Mm          , Mm          , Wo          , Wo          , Re          , Rp          , Rp          , Rp          , Rp          , Rp          , Ww          , Wo          , Wo          , Wo          , Wwf         , Wwf         , Wo          , Ch          , Wo          , Hh^Fdw      , Mm^Xm       , Wo          , Wo          , Wo          , Wo          , Gg^Vc       , Wwf         , Wo          , Wwr         , Wwr         , Mm^Xm       , Mm^Xm       , Uu^Vu       , Wwr         , Rr          , Wwf         , Wwf         , Wwf         , Rr          , Uu^Vu       , Rr          , Rr          , Ww          , Wwf         , Wwf         , Ww          , Rr          , Rr          , Ai          , Mm^Xm       
Hh          , Rp          , Wwf         , Wo          , Rp          , Mm          , Wwf         , Rp          , Mm          , Gg         , Mm          , Mm          , Wwf         , Wwf         , Mm          , Wwf         , Wwf         , Wwf         , Wwr         , Wo          , Wo          , Wwf         , Wo          , Wwr         , Wo          , Wwr         , Wwr         , Wwf         , Gg         , Rp          , Wo          , Wo          , Wwr         , Mm^Xm       , Mm^Xm       , Rr          , Wwf         , Wwf         , Wo          , Ww          , Wo          , Rr          , Wwf         , Wwf         , Wo          , Wwf         , Wwf         , Wo          , Wwf         , Wo          , Wwf         , Mm^Xm       , Mm^Xm       
Hh^Fdf      , Uu^Uf       , Gg^Wm       , Wo          , Wwf         , Wo          , Rp          , Wwf         , Wwf         , Rp          , Gg         , Hh^Fp       , Wo          , Hh          , Mm          , Mm          , Wwr         , Wwf         , Wo          , Wo          , Wo          , Wo          , Wo          , Wo          , Wo          , Wwr         , Re          , Re          , Rp          , Wwr         , Wo          , Wwr         , Wwr         , Ha          , Wo          , Wwr         , Ww          , Wo          , Wo          , Wwf         , Mm          , Ww          , Wwf         , Wwf         , Wwf         , Wo          , Ww          , Wo          , Rr          , Rr          , Wwf         , Mm^Xm       , Mm^Xm       
Gg         , Gg         , Gg         , Gg         , Wo          , Rp          , Rp          , Wo          , Ww          , Wwf         , Wo          , Wwf         , Wo          , Gg         , Rp^Vhc      , Wwf         , Wwr         , Wo          , Wo          , Wo          , Wo          , Wwr         , Wwf         , Ww          , Wo          , Wo          , Wwf         , Gg         , Gg         , Gg^Vc       , Wwf         , Wo          , Wo          , Wo          , Ww          , Ww          , Wwr         , Wwf         , Mm^Xm       , Wwf         , Wo          , Rr          , Uu^Vu       , Rr          , Gs^Fdw      , Wwf         , Wo          , Wwf         , Gs^Fp       , Uu^Vu       , Wo          , Ai          , Mm^Xm       
Hh          , Gg         , Rd          , Gg         , Wo          , Mm          , Gs^Fms      , Rp^Vhc      , Gg         , Gg         , Gg         , Ww          , Wo          , Wwf         , Wo          , Wo          , Wo          , Wo          , Wo          , Wo          , Wo          , Wwr         , Rp          , Gg^Vc       , Gg         , Wo          , Wwf         , Rp          , Wwr         , Wo          , Wo          , Wo          , Wwr         , Wwr         , Mm^Xm       , Mm^Xm       , Mm^Xm       , Mm^Xm       , Mm          , Mm^Xm       , Mm^Xm       , Wo          , Mm^Xm       , Aa          , Mm^Xm       , Gs^Fdf      , Wo          , Wwf         , Mm^Xm       , Gs^Fp       , Hh^Fdf      , Mm^Xm       , Mm^Xm       
Mm          , Mm          , Mm          , Mm          , Mm          , Wo          , Wo          , Wo          , Re^Gvs      , Gs^Fds      , Re          , Gg         , Wwf         , Wo          , Wo          , Wo          , Wo          , Wo          , Wo          , Wwr         , Ww          , Wwr         , Rd          , Rd          , Gg         , Rp          , Wo          , Wo          , Wo          , Wo          , Wo          , Wo          , Wo          , Wwr         , Wo          , Mm^Xm       , Rp          , Mm          , Mm          , Mm          , Mm          , Mm^Xm       , Mm^Xm       , Mm^Xm       , Mm          , Mm          , Wwf         , Wo          , Mm          , Mm^Xm       , Mm          , Mm^Xm       , Mm          
Mm          , Mm          , Uu^Vu       , Rp          , Wwf         , Rp          , Wwr         , Wo          , Wwr         , Rp          , Rp          , Gg          , Wwr         , Wo          , Wo          , Wo          , Wo          , Wo          , Wo          , Wwr         , Wwf         , Wwf         , Rp          , Gg         , Hh          , Wwr         , Wo          , Wo          , Wo          , Wo          , Wo          , Wo          , Wwr         , Wo          , Wo          , Re^Vct      , Gg         , Gs^Fds      , Rd          , Mm          , Mm          , Mm          , Gs^Fdf      , Mm          , Gs^Fds      , Mm          , Wo          , Wo          , Mm          , Mm          , Mm          , Mm          , Mm          
Mm          , Mm          , Wwf         , Wo          , Wwf         , Wo          , Wwr         , Wo          , Wwf         , Rp          , Wwr         , Wwf         , Wo          , Wo          , Wo          , Wo          , Wo          , Wo          , Wo          , Wo          , Wo          , Wwf         , Wwr         , Rr          , Wo          , Wo          , Wo          , Wo          , Wo          , Wo          , Wo          , Wo          , Wwf         , Wwf         , Wwf         , Gg          , Gs^Fmf      , Re          , Re^Gvs      , Gg         , Gs^Fmf      , Re^Vct      , Rp          , Gs^Fmf      , Rp          , Rp          , Ww          , Rp          , Rp          , Gs^Fmw      , Mm          , Mm          , Mm          
Mm          , Mm          , Mm          , Rp          , Wwf         , Rp          , Wo          , Wo          , Wwr         , Wwr         , Wo          , Wwr         , Wo          , Wo          , Wo          , Wo          , Wo          , Wo          , Wo          , Wo          , Wo          , Wo          , Wo          , Wo          , Wo          , Wo          , Wo          , Wo          , Wo          , Wo          , Wo          , Wo          , Wo          , Wo          , Wwr         , Wwf         , Gg          , Gs^Fp       , Re^Gvs      , Re          , Gs^Fmf      , Gs^Fdf      , Gs^Fds      , Rp          , Rp          , Rd          , Re^Vct      , Wo          , Wwf         , Wwf         , Gg         , Rd          , Gg         
Wwr         , Mm          , Wo          , Mm          , Wwr         , Mm          , Wwr         , Wo          , Wo          , Wo          , Wo          , Wo          , Wo          , Wo          , Ww^Vm       , Wwr         , Wo          , Wwr         , Wo          , Wo          , Wo          , Wo          , Wo          , Wo          , Wo          , Wo          , Wo          , Wwf         , Ww          , Wo          , Wwr         , Wo          , Wo          , Wo          , Wwr         , Rp          , Gg         , Gg         , Re^Gvs      , Rd          , Gg         , Re^Gvs      , Rp          , Rd          , Rr          , Rp          , Gg         , Wwf         , Wo          , Rp          , Rp          , Rd          , Gg          
Wo          , Wo          , Wo          , Wo          , Wo          , Wo          , Wo          , Wo          , Wo          , Wo          , Wo          , Wo          , Wo          , Wo          , Wwf         , Wo          , Wwr         , Wo          , Wwf         , Ww          , Ww          , Wo          , Ww          , Ww          , Wo          , Wo          , Wo          , Wwf         , Wo          , Ww^Vm       , Wo          , Wo          , Wo          , Wo          , Wo          , Wwf         , Rp          , Gg         , Gs^Fdw      , Gs^Fdf      , Rp          , Rp          , Rd          , Rp          , Gs^Fdw      , Gg^Wm       , Gs^Fmf      , Gs^Fdf      , Gs^Fmf      , Wo          , Gg         , Rp          , Gg          
Wwr         , Wo          , Wwr         , Wo          , Wwf         , Wwr         , Wwr         , Wo          , Wo          , Wo          , Wo          , Wo          , Wo          , Wo          , Wo          , Wo          , Ww          , Ww^Vm       , Wo          , Ww          , Ww^Vm       , Wwr         , Ww          , Ww          , Ww          , Wo          , Wo          , Wo          , Wo          , Wwf         , Wo          , Wo          , Wo          , Wo          , Wo          , Wo          , Ww          , Gg         , Gg^Fet      , Re^Vct      , Rp          , Gs^Fmf      , Gs^Fdf      , Rp          , Gs^Fp       , Gs^Fmf      , Wwf         , Gs^Fds      , Wo          , Wo          , Ss          , Rp          , Gg         
Mm          , Mm          , Wo          , Wo          , Wo          , Wwr         , Wwr         , Wo          , Wo          , Wo          , Wo          , Wo          , Wo          , Wo          , Wo          , Wo          , Wo          , Wo          , Wwr         , Wo          , Wo          , Wwf         , Wo          , Wo          , Wo          , Wo          , Wo          , Wo          , Wo          , Ww          , Wo          , Wo          , Wo          , Wo          , Wo          , Wo          , Gg         , Gg         , Rp          , Rp          , Gg^Fet      , Rp          , Rp          , Rp          , Gs^Fds      , Wo          , Wo          , Wo          , Ss^Vhs      , Gs^Fdw      , Ss          , Rp          , Hh          
Mm          , Hh^Vhh      , Rp          , Wwf         , Mm^Xm       , Mm^Xm       , Wwr         , Wo          , Wwr         , Wwr         , Wwf         , Wo          , Wo          , Wo          , Wo          , Wo          , Wo          , Wo          , Wo          , Wo          , Wo          , Wo          , Wo          , Wo          , Wo          , Wo          , Wo          , Wo          , Wo          , Wo          , Wo          , Wo          , Wwf         , Wwf         , Wwf         , Wo          , Rp          , Rp          , Gg         , Gg         , Gg         , Gs^Fp       , Gs^Fmw      , Rp          , Wwf         , Ww          , Wo          , Ss          , Wwf         , Gs^Fdw      , Ww          , Gs^Fdf      , Wo          
Mm          , Hh^Fmf      , Hh^Fmf      , Gs^Fp       , Mm^Xm       , Mm          , Wo          , Wo          , Rp          , Wwf         , Wwf         , Wwr         , Wo          , Wo          , Wo          , Wo          , Wo          , Wo          , Wo          , Wo          , Wo          , Wo          , Wo          , Wo          , Wo          , Wo          , Wo          , Wwf         , Wwr         , Wo          , Wwr         , Ww          , Rp          , Gs^Fp       , Hh^Vc       , Wo          , Wwf         , Rp          , Gg^Wm       , Gg         , Wwf         , Wwr         , Wwr         , Wwf         , Wo          , Wwf         , Ww          , Wo          , Wo          , Wwf         , Wo          , Wo          , Hh^Fmf      
Mm^Xm       , Mm^Xm       , Mm^Xm       , Mm^Xm       , Mm^Xm       , Wwf         , Wo          , Gg^Vl       , Rd          , Rp          , Ww          , Wwr         , Wwr         , Wo          , Wo          , Wo          , Wo          , Wwr         , Ww          , Wo          , Wo          , Wo          , Wo          , Wo          , Wwr         , Wo          , Hh^Vc       , Rp          , Rp          , Rp          , Rp          , Rp          , Rp          , Rp          , Rp          , Wwf         , Wwf         , Wo          , Rp          , Gg          , Wwf         , Wwr         , Wo          , Wo          , Wo          , Wwf         , Gg         , Rp          , Rp          , Rp          , Rp          , Rp          , Hh^Fdw      
Mm          , Mm^Xm       , Mm          , Mm          , Wo          , Wwf         , Wo          , Re          , Rd          , Re^Gvs      , Rd          , Wwf         , Wwr         , Wo          , Wo          , Wo          , Wo          , Wo          , Wo          , Wo          , Wo          , Wo          , Wo          , Wo          , Wo          , Wwf         , Re^Gvs      , Gs          , Rp          , Gg          , Gg         , Gg         , Rp          , Gg         , Gg          , Gs          , Gs          , Wwf         , Ww          , Rp          , Wo          , Wo          , Wo          , Ww          , Rp          , Wwf         , Gg          , Gs^Fmw      , Rd          , Gg         , Gg^Vh       , Gs^Fdf      , Gs^Fmf      
Wwf         , Mm          , Gg^Vl       , Gg         , Wwf         , Mm          , Mm          , Wwf         , Wwf         , Rp          , Rp          , Re          , Gg^Vl       , Wwf         , Wwr         , Wo          , Wo          , Wo          , Wo          , Ww          , Ww          , Wo          , Wo          , Wo          , Wo          , Wwr         , Wwf         , Re^Gvs      , Wwr         , Rp          , Gg         , Rp          , Hh^Vc       , Rp          , Re^Gvs      , Rd          , Gg          , Wwf         , Wo          , Wwr         , Wo          , Wo          , Wwf         , Gg^Vh       , Gs          , Gg          , Re^Gvs      , Ss          , Gg^Wm       , Re^Gvs      , Gg         , Rd          , Gs^Fp       
Hh          , Wwf         , Wwf         , Wwf         , Gg         , Mm          , Hh          , Rp          , Wwf         , Ww          , Wwf         , Rp          , Wwf         , Ww          , Wo          , Wo          , Wo          , Wo          , Wo          , Wo          , Wo          , Wo          , Wo          , Wo          , Wo          , Wwf         , Wo          , Wo          , Wo          , Rp          , Rp          , Rp          , Ww          , Re^Gvs      , Gs          , Re^Gvs      , Gg         , Wwf         , Wo          , Wo          , Wo          , Wwr         , Wo          , Wwf         , Wo          , Wwf         , Wwf         , Re          , Gg         , Gg         , Ss          , Gs^Fmw      , Gg         
Hh          , Hh          , Gs^Fds      , Wwf         , Gg^Fet      , Gs^Fds      , Gg^Fet      , Rp          , Wwf         , Wo          , Wo          , Wwr         , Wo          , Wo          , Wo          , Wo          , Wo          , Wo          , Wo          , Wo          , Wo          , Wo          , Wo          , Wo          , Wo          , Wo          , Wo          , Wo          , Wo          , Wwf         , Wwf         , Wwr         , Wo          , Wwr         , Wwf         , Gg         , Rp          , Hh^Vc       , Wo          , Wo          , Wo          , Wo          , Wwf         , Wo          , Wo          , Wo          , Wo          , Wwf         , Rp          , Ss          , Gs          , Gs          , Gg         
Wo          , Wo          , Wwf         , Wwf         , Ww          , Gs^Fmf      , Wo          , Wwf         , Rp          , Wwf         , Wwr         , Wo          , Wo          , Wo          , Wo          , Wo          , Wwr         , Wo          , Wo          , Wo          , Wo          , Wo          , Wo          , Wo          , Wo          , Wo          , Wo          , Ww          , Wwr         , Wwf         , Wo          , Wwr         , Wo          , Wwf         , Ww          , Wwr         , Wwf         , Wo          , Wo          , Wo          , Wo          , Wwr         , Wwr         , Wo          , Wo          , Wo          , Wo          , Wo          , Wwf         , Gg         , Gg^Vh       , Gg         , Gg         
Hh^Fdf      , Gg         , Gg         , Gg         , Gg         , Wwf         , Rp          , Wwf         , Gg^Vl       , Ww          , Wo          , Wo          , Wo          , Wo          , Wo          , Wwr         , Wwr         , Wo          , Wo          , Wo          , Wo          , Wo          , Ww          , Wo          , Wo          , Wo          , Wo          , Ww          , Wo          , Wo          , Wo          , Wwf         , Wwf         , Wwf         , Ww          , Wo          , Wo          , Wwr         , Wo          , Wo          , Wo          , Wwf         , Wwr         , Wwr         , Wwr         , Wo          , Wwr         , Wo          , Wo          , Wo          , Wwf         , Ww          , Wwr         
Mm          , Gg^Vl       , Hh^Fds      , Re          , Re          , Gg         , Gg         , Gg         , Gg         , Wo          , Ww          , Wo          , Wo          , Wo          , Wo          , Wo          , Wo          , Wo          , Wo          , Wo          , Wo          , Wwf         , Ww^Vm       , Wwr         , Wo          , Wo          , Wo          , Wo          , Wo          , Wo          , Wo          , Wo          , Wo          , Wwr         , Wo          , Wo          , Wo          , Wo          , Wo          , Wo          , Wo          , Wo          , Wo          , Wo          , Wo          , Wo          , Wo          , Wo          , Wo          , Wo          , Wo          , Wo          , Wo          
Mm          , Mm          , Mm          , Mm          , Mm          , Gs^Fmw      , Hh^Fp       , Gg         , Rp          , Wwf         , Wwr         , Wo          , Wo          , Wo          , Wo          , Wo          , Wo          , Wo          , Wo          , Wo          , Wo          , Wwf         , Wo          , Wo          , Wo          , Wo          , Wo          , Wwr         , Wo          , Wo          , Wo          , Wo          , Wo          , Wo          , Wo          , Wo          , Wo          , Wo          , Wo          , Wo          , Wo          , Wo          , Wo          , Wo          , Wwf         , Wo          , Wo          , Wo          , Wwr         , Wwr         , Mm^Xm       , Wo          , Wwf         
Mm          , Mm          , Uu^Vu       , Wo          , Wo          , Wo          , Wo          , Wo          , Wo          , Wo          , Wo          , Wo          , Wo          , Wo          , Wo          , Wo          , Wo          , Wo          , Wo          , Wo          , Wo          , Wo          , Wo          , Ww          , Wo          , Wo          , Ww          , Ww^Vm       , Wwf         , Wo          , Wo          , Wo          , Wo          , Wo          , Wo          , Ww          , Wo          , Wwr         , Wo          , Mm          , Mm          , Mm          , Mm          , Mm          , Rp          , Ww          , Wo          , Wwr         , Wwf         , Mm          , Mm          , Mm^Xm       , Mm^Xm       
Mm          , Rp          , Wwf         , Wwr         , Wwf         , Wwr         , Wo          , Wwr         , Wwf         , Wo          , Wo          , Wo          , Wwr         , Wo          , Wwr         , Wwr         , Ww          , Ww          , Wo          , Wo          , Wo          , Wo          , Wwr         , Ww^Vm       , Wwr         , Wo          , Wo          , Wwr         , Wo          , Wo          , Wo          , Wo          , Wo          , Wo          , Wo          , Wwr         , Ww          , Wo          , Wwr         , Mm          , Wwf         , Wwr         , Uu^Vud      , Rp          , Rp          , Wwf         , Wwr         , Wo          , Wo          , Rp          , Hh^Vhh      , Mm          , Mm          
Ms          , Mm          , Ms          , Mm          , Mm          , Mm          , Mm          , Wwf         , Wo          , Mm          , Mm          , Hh          , Wwr         , Wwr         , Wo          , Wo          , Wo          , Wo          , Wo          , Wo          , Wo          , Wo          , Wo          , Wwf         , Wo          , Wo          , Wo          , Wo          , Wwr         , Wo          , Wo          , Wo          , Wo          , Wo          , Wo          , Wo          , Wo          , Wo          , Wo          , Wo          , Wo          , Wo          , Re^Gvs      , Rp          , Gg         , Rp          , Gs^Fds      , Mm          , Mm^Xm       , Wo          , Wwf         , Hh          , Mm          
Ms          , Ms          , Mm          , Mm          , Hh          , Mm          , Wwf         , Mm          , Wo          , Hh          , Wwr         , Wwf         , Wo          , Wo          , Wo          , Wo          , Wo          , Wo          , Wo          , Wo          , Wo          , Wo          , Wo          , Wo          , Wo          , Wo          , Wo          , Wo          , Ww          , Wo          , Wo          , Wo          , Wo          , Wo          , Wo          , Wo          , Wo          , Wo          , Wo          , Wo          , Wwr         , Wwf         , Gs          , Rp          , Rp          , Rp          , Rp          , Gs^Fdf      , Hh          , Mm^Xm       , Mm^Xm       , Wwf         , Wwf         
Ms          , Mm          , Hh          , Hh          , Wo          , Wo          , Wo          , Wo          , Wo          , Wo          , Ww          , Wwf         , Wo          , Wo          , Wo          , Wo          , Ww          , Ww          , Wo          , Wo          , Wo          , Wo          , Wo          , Wo          , Wo          , Wo          , Wo          , Wo          , Wo          , Wo          , Wo          , Wo          , Wo          , Wo          , Wo          , Wo          , Wo          , Wo          , Wo          , Wwr         , Gs          , Gs          , Rp          , Rp          , Gg^Fet      , Gs^Fds      , Wwf         , Wo          , Hh          , Mm^Xm       , Mm^Xm       , Mm^Xm       , Mm^Xm       
Mm          , Mm          , Rp          , Gg^Ve       , Wwf         , Wo          , Wwf         , Wo          , Wwr         , Wwr         , Gg^Fet      , Wwf         , Wwf         , Wo          , Wo          , Wo          , Wwr         , Ww          , Wo          , Wo          , Wo          , Wo          , Wo          , Wo          , Wo          , Wo          , Wo          , Wo          , Wo          , Wo          , Wo          , Wo          , Wo          , Wo          , Ww          , Wwr         , Wo          , Wo          , Wo          , Wwf         , Wo          , Gs^Fds      , Rp          , Gs^Fdf      , Ql          , Hh^Fmf      , Wwf         , Wwf         , Uu^Vud      , Mm          , Mm          , Mm^Xm       , Ms          
Mm          , Mm          , Gg         , Rp          , Gs^Fdw      , Wwf         , Gs^Fds      , Wwf         , Gs^Fdw      , Gs^Fp       , Gg^Ve       , Ww          , Ww          , Wo          , Wo          , Wo          , Wwr         , Ww          , Wo          , Wo          , Wo          , Wo          , Wo          , Wo          , Wo          , Wwr         , Wwr         , Wo          , Ch          , Wwr         , Wwr         , Wo          , Wo          , Wo          , Wo          , Wwr         , Wo          , Wo          , Wo          , Wo          , Wwf         , Uu^Vud      , Rp          , Gg         , Rp          , Rp          , Hh^Fmf      , Wo          , Wwf         , Rp          , Wo          , Mm          , Mm          
Mm          , Hh          , Hh          , Re^Gvs      , Gs^Fdw      , Gs^Fdf      , Rp          , Gs^Fmf      , Rp          , Gs^Fds      , Rp          , Wwr         , Gs^Fdw      , Ww          , Wo          , Wo          , Wo          , Wo          , Wo          , Wo          , Wwr         , Wwr         , Wwr         , Wwr         , Wo          , Wwr         , Mm^Xm       , Mm^Xm       , Gg         , Ch          , Wwf         , Wo          , Wo          , Wo          , Wo          , Wo          , Wo          , Wo          , Wo          , Wwr         , Gg         , Gg         , Gg^Fet      , Rp          , Gg         , Rd          , Gs^Fp       , Hh          , Hh          , Wwf         , Wwf         , Wwf         , Wo          
Mm          , Mm          , Rp          , Hh^Fmf      , Rp          , Rp          , Gs^Fmf      , Rp          , Hh^Fdw      , Rp          , Gg         , Rp          , Gs^Fmw      , Wwr         , Wo          , Wo          , Wo          , Wo          , Wo          , Wo          , Ww          , Wwf         , Ss          , Wwf         , Wo          , Wwr         , Mm^Xm       , Mm          , Gg^Vc       , Wwf         , Wwr         , Wo          , Ch          , Wo          , Wo          , Wo          , Wo          , Wo          , Wo          , Wwr         , Wwf         , Gg         , Gg         , Rp          , Rp          , Rp          , Rp          , Rp          , Wwf         , Wo          , Mm          , Mm          , Ms          
Mm          , Rd          , Gg^Ve       , Rp          , Rp          , Gg         , Gg^Wm       , Gs^Fmw      , Gg^Fet      , Hh          , Rp          , Rp          , Gs^Fds      , Wwf         , Wo          , Wo          , Wo          , Wo          , Wo          , Wo          , Wo          , Wwr         , Wwf         , Ss^Vhs      , Ww          , Wo          , Mm^Xm       , Hh          , Wwf         , Wo          , Gg         , Ch          , Wwr         , Wo          , Wo          , Wo          , Wo          , Wo          , Wo          , Wo          , Wo          , Wwr         , Uu^Vud      , Re          , Re          , Rd          , Hh^Fdw      , Wwf         , Rr          , Rp          , Uu^Vud      , Mm          , Mm          
Mm          , Mm          , Wo          , Wwf         , Wo          , Rp          , Rr          , Gs^Fds      , Gs^Fdw      , Rp          , Wwf         , Gg         , Wwf         , Wwf         , Wo          , Wo          , Wo          , Wo          , Wo          , Wo          , Wo          , Wo          , Wo          , Wo          , Wo          , Wwr         , Mm^Xm       , Mm          , Mm          , Hh          , Gg         , Ch          , Wwr         , Wo          , Wo          , Wo          , Wo          , Wo          , Wo          , Wo          , Wwf         , Wo          , Wwr         , Gs^Fdw      , Hh^Fmf      , Rd          , Wwf         , Wo          , Hh^Fdf      , Gg         , Gg         , Gs^Fds      , Mm          
Wo          , Ww          , Rp          , Wwf         , Wo          , Rp          , Wo          , Wo          , Rp          , Rp          , Wo          , Wwf         , Wo          , Wo          , Wo          , Wo          , Wo          , Wwr         , Wwr         , Wo          , Wo          , Wwr         , Mm          , Mm^Xm       , Mm^Xm       , Mm^Xm       , Gg         , Mm          , Re^Gvs      , Rd          , Gs          , Rr          , Wwf         , Wo          , Wo          , Wo          , Wo          , Wwr         , Wo          , Wwr         , Mm          , Mm          , Mm^Xm       , Mm^Xm       , Mm^Xm       , Mm          , Wo          , Rp          , Mm^Xm       , Hh^Fdw      , Gs^Fmf      , Gs^Fds      , Mm^Xm       
Mm          , Mm          , Rp          , Rp          , Wo          , Wwf         , Gg^Ve       , Wwf         , Wwf         , Wo          , Wo          , Wo          , Ww          , Wo          , Wo          , Wo          , Wo          , Wwr         , Ww          , Wo          , Wo          , Wwr         , Rr          , Gg^Vc       , Re^Gvs      , Hh          , Wwf         , Gg^Vc       , Wwf         , Re^Gvs      , Gs          , Gg         , Wwf         , Wo          , Wo          , Wo          , Wwr         , Wwr         , Mm          , Mm          , Mm^Xm       , Mm^Xm       , Wwf         , Mm^Xm       , Wo          , Wo          , Rp          , Rp          , Mm          , Mm^Xm       , Mm^Xm       , Mm^Xm       , Mm^Xm       
Mm          , Rd          , Rp          , Wwf         , Wo          , Rp          , Gg         , Rp          , Gs^Fp       , Wwf         , Rr          , Wwr         , Rr          , Wwf         , Wo          , Wo          , Wo          , Wo          , Wwr         , Wo          , Wo          , Wwr         , Wwf         , Rp          , Ch          , Rp          , Wo          , Wo          , Rr          , Rr          , Wwr         , Wwr         , Wo          , Wo          , Wo          , Wo          , Ww          , Mm^Xm       , Mm^Xm       , Mm^Xm       , Wo          , Rr          , Ww          , Wwf         , Wwf         , Rp          , Wwf         , Hh^Fdw      , Wwf         , Mm          , Mm          , Mm^Xm       , Mm^Xm       
Mm          , Mm          , Gg          , Rp          , Wwf         , Rp          , Hh          , Gs^Fds      , Mm^Xm       , Mm^Xm       , Mm^Xm       , Mm          , Wwf         , Wwf         , Wwf         , Wwr         , Wo          , Wo          , Wo          , Wo          , Wo          , Wo          , Wwr         , Wwf         , Wwr         , Wwf         , Wo          , Ch          , Wwr         , Rr          , Wwr         , Wo          , Wo          , Wo          , Wo          , Wwr         , Wwr         , Hh          , Rr          , Rp          , Wwf         , Uu^Vu       , Wwf         , Wo          , Gs^Fms      , Ww          , Rr          , Wo          , Wwf         , Mm          , Mm          , Mm          , Mm          
Mm          , Gg         , Gg^Ve       , Wo          , Wo          , Wwf         , Wo          , Mm          , Wo          , Mm^Xm       , Wwf         , Wo          , Wwf         , Wwf         , Rr          , Wwf         , Wwf         , Wo          , Wo          , Wo          , Wo          , Wo          , Wo          , Wwr         , Wo          , Wo          , Wo          , Wwr         , Wo          , Wwr         , Wo          , Wo          , Wo          , Wo          , Wo          , Wo          , Wwr         , Wwr         , Wo          , Wo          , Wo          , Ww          , Wwf         , Rd          , Hh^Fdf      , Mm          , Rp          , Uu^Vu       , Rr          , Wo          , Mm          , Mm          , Mm          
Mm          , Mm          , Wwf         , Wwf         , Mm          , Wo          , Mm          , Wwf         , Mm          , Wo          , Wwf         , Ww^Vm       , Mm^Xm       , Mm          , Mm          , Rr          , Wwr         , Wo          , Wo          , Wo          , Wo          , Wo          , Wo          , Wo          , Wo          , Wo          , Wo          , Wo          , Wo          , Wo          , Wo          , Wo          , Ww          , Ww          , Wwr         , Wo          , Wo          , Wwr         , Wwr         , Wwr         , Hh^Fdf      , Wwf         , Gs^Fmw      , Rp          , Rp          , Rp          , Mm          , Gs^Fmw      , Mm          , Mm          , Mm          , Mm          , Mm          
Xv          , Mm          , Xv          , Wo          , Xv          , Mm          , Xv          , Mm          , Xv          , Mm^Xm       , Xv          , Mm^Xm       , Xv          , Mm^Xm       , Xv          , Wwr         , Xv          , Wo          , Xv          , Wo          , Xv          , Wo          , Xv          , Wo          , Xv          , Wo          , Xv          , Wo          , Xv          , Wo          , Xv          , Wo          , _off^_usr   , Wo          , Xv          , Wo          , Xv          , Wwr         , Xv          , Mm^Xm       , Xv          , Mm          , Xv          , Mm          , Xv          , Mm          , Xv          , Mm          , Xv          , Mm          , Xv          , Mm          , Xv          
Xv          , Xv          , Xv          , Xv          , Xv          , Xv          , Xv          , Xv          , Xv          , Xv          , Xv          , Xv          , Xv          , Xv          , Xv          , Xv          , Xv          , Xv          , Xv          , Xv          , Xv          , Xv          , Xv          , Xv          , Xv          , Xv          , Xv          , Xv          , Xv          , Xv          , Xv          , Xv          , Xv          , Xv          , Xv          , Xv          , 1 Xv        , Xv          , Xv          , Xv          , 2 Xv        , Xv          , Xv          , Xv          , 3 Xv        , Xv          , Xv          , Xv          , 4 Xv        , Xv          , Xv          , Xv          , Xv          
Xv          , Xv          , Xv          , Xv          , Xv          , Xv          , Xv          , Xv          , Xv          , Xv          , Xv          , Xv          , Xv          , Xv          , Xv          , Xv          , Xv          , Xv          , Xv          , Xv          , Xv          , Xv          , Xv          , Xv          , Xv          , Xv          , Xv          , Xv          , Xv          , Xv          , Xv          , Xv          , Xv          , Xv          , Xv          , Xv          , Xv          , Xv          , Xv          , Xv          , Xv          , Xv          , Xv          , Xv          , Xv          , Xv          , Xv          , Xv          , Xv          , Xv          , Xv          , Xv          , Xv          
Xv          , Xv          , Xv          , Xv          , Xv          , Xv          , Xv          , Xv          , Xv          , Xv          , Xv          , Xv          , Xv          , Xv          , Xv          , Xv          , Xv          , Xv          , Xv          , Xv          , Xv          , Xv          , Xv          , Xv          , Xv          , Xv          , Xv          , Xv          , Xv          , Xv          , Xv          , Xv          , Xv          , Xv          , Xv          , Xv          , 5 Xv        , Xv          , Xv          , Xv          , 6 Xv        , Xv          , Xv          , Xv          , Xv          , Xv          , Xv          , Xv          , Xv          , Xv          , Xv          , Xv          , Xv          
Xv          , Xv          , Xv          , Xv          , Xv          , Xv          , Xv          , Xv          , Xv          , Xv          , Xv          , Xv          , Xv          , Xv          , Xv          , Xv          , Xv          , Xv          , Xv          , Xv          , Xv          , Xv          , Xv          , Xv          , Xv          , Xv          , Xv          , Xv          , Xv          , Xv          , Xv          , Xv          , Xv          , Xv          , Xv          , Xv          , Xv          , Xv          , Xv          , Xv          , Xv          , Xv          , Xv          , Xv          , Xv          , Xv          , Xv          , Xv          , Xv          , Xv          , Xv          , Xv          , Xv          
Xv          , Xv          , Xv          , Xv          , Xv          , Xv          , Xv          , Xv          , Xv          , Xv          , Xv          , Xv          , Xv          , Xv          , Xv          , Xv          , Xv          , Xv          , Xv          , Xv          , Xv          , Xv          , Xv          , Xv          , Xv          , Xv          , Xv          , Xv          , Xv          , Xv          , Xv          , Xv          , Xv          , Xv          , Xv          , Xv          , Xv          , Xv          , Xv          , Xv          , Xv          , Xv          , Xv          , Xv          , Xv          , Xv          , Xv          , Xv          , Xv          , Xv          , Xv          , Xv          , Xv          
