border_size=1
usage=map

Re          , Rd          , Rd          , Rd          , Rd          , Gg          , Ww          , Hh          , Hh          , Hh          , Gg          , Gg          , Gg          , Hh          , Rd          , Gg          , Mm          , Mm          , Mm          , Mm          , Mm          , Mm          , Mm          , Mm          , Rd          , Rd          , Gg          , Mm          , Mm          , Mm          , Mm          , Hh          , Hh          , Gs^Fp       , Gs^Fp       , Rd          , Gg          , Hh          , Hh          , Hh          , Ww          , Ww          , Gg          , Hh          
Re^Gvs      , Mm          , Hh          , Gg          , Gg^Vh       , Rd          , Ww          , Gg^Vh       , Gg          , Gg          , Gs^Fp       , Gg          , Gg^Vh       , Rd          , Gg          , Gg          , Gg          , Hh          , Gg^Vh       , Mm          , Mm          , Mm          , Mm^Vhh      , Gg^Vh       , Wo          , Hh          , Hh          , Gs^Fp       , Mm          , Mm          , Ww          , Ww          , Ww          , Ww          , Wwf         , Rd          , Ss          , Ss^Vhs      , Wo          , Wwf         , Ss          , Ww          , Gg          , Gg          
Gg          , Mm          , Mm          , Mm^Vhh      , Ww          , Ww^Bw\      , Rd          , Gg          , Gg          , Gg          , Hh          , Gg          , Gg          , Hh          , Gg          , Gg          , Gg          , Gg          , Wwf         , Mm          , Mm          , Ww          , Hh          , Wwf         , Rd          , Gg          , Gg          , Hh^Fp       , Wwf         , Ww          , Hh          , Hh          , Hh          , Ww^Vm       , Ss          , Gg          , Hh          , Hh          , Gg          , Rd          , Ss^Vhs      , Ss          , Hh          , Gg          
Gg          , Mm          , Hh          , Gg          , Ww          , Gg          , Rd          , Gg          , Gg          , Gs^Fp       , Gs^Fp       , Gg          , Gg          , Rd          , Gg          , Gs^Fp       , Hh          , Gg          , Gg          , Ww          , Hh          , Mm          , Hh          , Ww          , Gg          , Rd          , Wwr         , Gg^Vc       , Wwr         , Gg          , Hh          , Hh          , Gg          , Ww          , Wwr         , Hh          , Hh          , Gs^Fp       , Rd          , Ss          , Hh          , Hh          , Gg          , Gg          
Gg          , Mm          , Mm          , Gs^Fp       , Gg          , Gg          , Gg          , Rd          , Rd          , Gg          , Gg          , Gg          , Hh          , Rd          , Gg          , Hh          , Hh          , Gg          , Gg^Vh       , Wo          , Wo          , Gg          , Gg          , Ss          , Gg          , Rd          , Rd          , Ss          , Gg          , Gs^Fp       , Gs^Fp       , Gg          , Wwf         , Ww          , Gg^Vc       , Hh^Fp       , Gg          , Gg          , Rd          , Hh^Fp       , Gs^Fp       , Gg          , Hh          , Hh          
Gg          , Mm          , Mm          , Gg          , Ww          , Ww          , Gg          , Gs^Fp       , Rd          , Gg          , Gs^Fp       , Gg          , Rd          , Rd          , Mm^Xm       , Mm          , Gg          , Gg          , Ww          , Wo          , Wo          , Gs^Fp       , Gg          , Gg          , Hh          , Gg          , Gg          , Rd          , Gg          , Gg          , Hh          , Gg          , Rd          , Rd          , Rd          , Rd          , Rd          , Hh          , Hh^Fp       , Gg          , Gg          , Gg          , Gg          , Hh          
Gg          , Hh          , Gg          , Ww          , Wwf         , Gg^Vh       , Hh          , Gg          , Rd          , Gg          , Gg          , Rd          , Ww          , Gg^Vh       , Gg          , Gg          , Gs^Fp       , Gg          , Gg          , Gg          , Gg          , Wo          , Ww          , Hh          , Hh          , Gg          , Rd          , Rd          , Ww          , Hh          , Wwr         , Wwf         , Gs^Fp       , Gg          , Hh          , Gg          , Hh          , Wwf         , Gg^Vc       , Ww          , Gg          , Gg          , Gg          , Hh          
Gg          , Gg          , Gg          , Ww          , Ww          , Hh          , Gg          , Gg          , Rd          , Gg          , Rd          , Rd          , Gg          , Gg          , Gg          , Gg          , Gg          , Gg          , Gg          , Hh          , Hh          , Gg          , Ww          , Hh          , Hh          , Hh          , Rd          , Gs^Fp       , Wwr         , Gg^Vc       , Wwf         , Gg          , Gg          , Gg          , Mm          , Mm          , Wwf         , Wwf         , Hh^Fp       , Gg          , Hh          , Gg          , Hh          , Gg          
Gg          , Ss          , Gg          , Gs^Fp       , Gs^Fp       , Ww          , Gg          , Gg          , Rd          , Rd          , Hh          , Gg          , Gg          , Gg          , Hh          , Gg          , Gg          , Gg          , Gg          , Hh          , Gg          , Gg          , Gg          , Ww          , Gs^Fp       , Hh          , Rd          , Gg          , Gg          , Hh          , Gg          , Wwf         , Mm          , Hh          , Ww          , Ww          , Ww          , Hh          , Ww          , Gg          , Hh          , Hh          , Ww          , Hh          
Gg          , Ww          , Ss          , Gs^Fp       , Hh          , Ww          , Gg^Vh       , Rd          , Gg          , Rd          , Rd          , Gg          , Gs^Fp       , Gg          , Gg          , Gg          , Gg          , Hh          , Gg          , Gg          , Gg          , Hh          , Gg          , Ww          , Ww          , Hh^Fp       , Hh^Fp       , Hh          , Gg          , Gg          , Gg          , Ww          , Hh          , Wwf         , Mm          , Gg          , Ww          , Ww          , Hh          , Wwr         , Ww          , Ww          , Hh          , Ww          
Wo          , Wo          , Wo          , Wo          , Wo          , Wo          , Ww          , Hh          , Gg          , Gs^Fp       , Rd          , Gg          , Gg          , Gg          , Gg          , Gs^Fp       , Gg          , Gg          , Gg          , Gs^Fp       , Gg          , Gg          , Gg          , Gg          , Rd          , Ww^Bw/      , Gg          , Gg          , Ww          , Gs^Fp       , Ww          , Ww          , Ww          , Ww          , Gg          , Gg          , Wwf         , Hh^Fp       , Gs^Fp       , Hh          , Gg          , Gg          , Mm^Xm       , Mm^Xm       
Wo          , Wo          , Wo          , Wwf         , Rr^Vd       , Wo          , Wo          , Mm          , Wo          , Wo          , Rd          , Gs^Fp       , Gg          , Gg          , Gg          , Gg          , Gg          , Gg          , Gg          , Gg          , Gs^Fp       , Gg          , Gg          , Gg          , Rd          , Ww          , Ww          , Ww          , Gg          , Ww          , Hh          , Mm          , Gg          , Gs^Fp       , Gs^Fp       , Gs^Fp       , Wwf         , Ch          , Gg^Ve       , Gg          , Mm^Xm       , Mm^Xm       , Gg          , Mm          
Wo          , Mm          , Mm^Vhh      , Wwf         , Wo          , Wo          , Gg^Vh       , Wo          , Wo          , Wo          , Wo          , Rd          , Gg          , Hh^Fp       , Gg          , Gg          , Hh^Fp       , Gg          , Gg          , Hh          , Gs^Fp       , Gg          , Gg          , Gs^Fp       , Gg          , Rd          , Gg          , Hh          , Gg          , Hh          , Gg          , Gs^Fp       , Hh          , Gg          , Gg          , Gs^Fp       , Wwf         , Ss          , Hh^Fp       , Gg          , Mm^Xm       , Hh          , Hh^Vhh      , Mm          
Wo          , Gs^Fp       , Wwf         , Wwf         , Ww^Vm       , Wo          , Wo          , Wo          , Wo          , Wo          , Ss          , Rd          , Rd          , Gs^Fp       , Gs^Fp       , Gg          , Gg          , Gg          , Gg          , Gs^Fp       , Gs^Fp       , Gg          , Gg          , Gg          , Gg          , Rd          , Gg          , Gg          , Gs^Fp       , Gg          , Gg          , Gs^Fp       , Gs^Fp       , Gs^Fp       , Gg^Ve       , Gg          , Gg          , Wwf         , Wwf         , Mm^Xm       , Mm          , Hh          , Mm          , Mm^Xm       
Wo          , Wo          , Ss          , Gs^Fp       , Ww          , Wo          , Gg^Ve       , Wo          , Wo          , Wo          , Gs^Fp       , Gs^Fp       , Gg^Ve       , Rd          , Gg          , Hh          , Hh          , Gg          , Gg          , Gg          , Gg          , Gg          , Rd          , Gg          , Rd          , Rd          , Hh          , Gg          , Gg          , Gg          , Gs^Fp       , Gg          , Gg          , Gs^Fp       , Ch          , Gs^Fp       , Gs^Fp       , Wwf         , Hh          , Mm^Xm       , Rd          , Mm          , Hh          , Mm^Xm       
Ss          , Wo          , Wo          , Wo          , Ww          , Wo          , Wo          , Wo          , Wo          , Gs^Fp       , Hh          , Gg          , Gs^Fp       , Rd          , Rd          , Rd          , Rd          , Gg          , Gg          , Gg          , Rd          , Rd          , Gg^Vh       , Rd          , Gg          , Gg          , Gs^Fp       , Gs^Fp       , Gg          , Gg          , Gg          , Hh          , Gg          , Gs^Fp       , Gg          , Gg          , Hh          , Wwf         , Hh          , Mm^Xm       , Mm          , Rd          , Hh          , Mm^Xm       
Ss          , Ss          , Wo          , Wo          , Ww          , Gs^Fp       , Gs^Fp       , Gg          , Gg          , Gg          , Gg          , Gg          , Hh^Fp       , Gs^Fp       , Rd          , Hh^Fp       , Hh^Fp       , Rd          , Rd          , Rd          , Gg          , Gg          , Ch          , Gg          , Gg          , Gg          , Gg          , Gg          , Gg          , Gg          , Hh          , Gg          , Gg          , Gg          , Gg          , Gg          , Gs^Fp       , Wwf         , Hh          , Mm^Xm       , Mm          , Rd          , Hh          , Mm^Xm       
Ss          , Ss          , Gg          , Gg          , Gg^Ve       , Gs^Fp       , Gs^Fp       , Gs^Fp       , Gs^Fp       , Hh^Fp       , Gs^Fp       , Gs^Fp       , Gg          , Rd          , Gs^Fp       , Gs^Fp       , Rd          , Rd          , Gg          , Hh          , Gg          , Gs^Fp       , Gg          , Hh          , Gg          , Gs^Fp       , Gg          , Gs^Fp       , Gg          , Gg          , Gg          , Gs^Fp       , Gs^Fp       , Gg          , Gg          , Gs^Fp       , Gs^Fp       , Wwf         , Hh          , Mm^Xm       , Mm          , Hh^Vhh      , Mm^Xm       , Mm^Xm       
Gg          , Gg          , Gg          , Gs^Fp       , Gs^Fp       , Rd          , Rd          , Gg^Fet      , Gs^Fp       , Gg          , Gg          , Gs^Fp       , Rd          , Rd          , Rd          , Rd          , Gs^Fp       , Gg          , Gs^Fp       , Gg          , Hh          , Gg          , Gg          , Gg          , Gg          , Gg          , Hh          , Gg          , Gg          , Gg          , Gg          , Gs^Fp       , Gg          , Gg          , Rd          , Gg          , Rd          , Wwf         , Wwf         , Hh          , Hh          , Mm          , Mm          , Mm^Xm       
Gg          , Gg          , Gg          , Gs^Fp       , Hh^Fp       , Gs^Fp       , Rd          , Rd          , Rd          , Rd          , Rd          , Rd          , Gg^Ve       , Rd          , Rd          , Gs^Fp       , Rd          , Gg          , Gg          , Gg          , Gs^Fp       , Hh          , Gg          , Gg          , Gg          , Gs^Fp       , Gs^Fp       , Gg          , Gg          , Gg          , Rd          , Gg          , Rd          , Rd          , Gg          , Rd          , Gg          , Ce          , Gg^Vh       , Rd          , Rd          , Gg          , Mm          , Mm          
Gg          , Gg          , Gg          , Gg          , Gg          , Gg          , Rd          , Gs^Fp       , Gs^Fp       , Gs^Fp       , Gg          , Gs^Fp       , Gs^Fp       , Gs^Fp       , Hh          , Rd          , Gs^Fp       , Rd          , Rd          , Gg          , Gg          , Gg          , Gg          , Gg          , Gg          , Gs^Fp       , Gg          , Gg          , Rd          , Rd          , Gg          , Rd          , Gg          , Gg^Vh       , Wwf         , Gg          , Gg          , Gg          , Ww          , Wwf         , Ww          , Rd          , Rd          , Mm          
Gg          , Gg          , Gg          , Gg          , Gs^Fp       , Gs^Fp       , Rd          , Gg          , Hh^Fp       , Gs^Fp       , Hh          , Gs^Fp       , Hh^Fp       , Gg          , Gs^Fp       , Gg          , Gg          , Hh          , Rd          , Hh          , Gs^Fp       , Gg          , Gg^Vh       , Gg          , Gg          , Gg          , Gg          , Gg          , Rd          , Gg          , Hh          , Hh          , Gg          , Wo          , Wwf         , Ww          , Ww          , Gg          , Gg          , Gg          , Gg          , Ww          , Gg          , Re          
Gg          , Gg          , Gg          , Hh^Fp       , Gg          , Rd          , Ss          , Gs^Fp       , Gs^Fp       , Gg          , Gg          , Hh          , Gg          , Gg          , Gg          , Gg          , Gs^Fp       , Gg          , Gg          , Rd          , Rd          , Rd          , Gg          , Rd          , Rd          , Hh          , Rd          , Rd          , Wo          , Gg          , Wo          , Gg          , Wo          , Wo          , Wwf         , Wo          , Wo          , Ww          , Wwf         , Gg          , Wo          , Wo          , Wo          , Wo          
Gg          , Gg          , Gg          , Gg          , Rd          , Rd          , Gg^Ve       , Gg          , Gs^Fp       , Gs^Fp       , Hh^Fp       , Gs^Fp       , Gg          , Gs^Fp       , Hh          , Gs^Fp       , Gs^Fp       , Gg          , Gs^Fp       , Hh          , Gg          , Gg          , Gg          , Gg          , Gs^Fp       , Rd          , Rd          , Gg          , Wo          , Wo          , Wo          , Wo          , Wo          , Wo          , Ww          , Ww^Vm       , Wwf         , Wo          , Wo          , Wo          , Wo          , Wo          , Wo          , Wo          
Gg          , Gg          , Gg          , Gs^Fp       , Rd          , Mm          , Gg          , Gg          , Gg          , Gg          , Gg          , Gg          , Gg          , Gg          , Gs^Fp       , Gg          , Gg          , Gg          , Gg          , Hh          , Gg          , Gs^Fp       , Gg          , Hh          , Gg          , Gg          , Rd          , Hh          , Gg^Vh       , Wo          , Wo          , Wwr         , Wo          , Ww          , Wo          , Ww          , Ww          , Ww          , Wo          , Wo          , Wo          , Wwr         , Wo          , Wo          
Gg          , Gg          , Gg          , Gs^Fp       , Rd          , Gs^Fp       , Gg          , Gg          , Hh^Fp       , Gs^Fp       , Gs^Fp       , Gg          , Hh^Fp       , Gg          , Gs^Fp       , Gs^Fp       , Gg          , Gs^Fp       , Gg          , Gs^Fp       , Gg          , Gs^Fp       , Gg          , Gg          , Gs^Fp       , Gg          , Gg          , Rd          , Gg          , Wo          , Wo          , Ww          , Wo          , Wo          , Ww          , Ww          , Ww          , Wo          , Ww          , Wwf         , Ww^Vm       , Wo          , Ww          , Ww          
Gg          , Gg          , Gg          , Gg          , Gs^Fp       , Rd          , Hh^Fp       , Gg          , Gg          , Gs^Fp       , Gg          , Gg          , Gs^Fp       , Gg          , Gg          , Gs^Fp       , Gg          , Gg          , Gg          , Gg          , Gg          , Gg          , Gs^Fp       , Gg          , Gs^Fp       , Gg          , Gg          , Gg          , Gg          , Gg          , Wo          , Wo          , Ww          , Ww          , Ww          , Wo          , Ww          , Wo          , Ww          , Ww          , Wwr         , Ww          , Ww          , Wo          
Xv          , Xv          , Xv          , Xv          , Xv          , Xv          , Xv          , Xv          , Xv          , Xv          , Xv          , Xv          , Xv          , Xv          , Xv          , Xv          , Xv          , Xv          , Xv          , Xv          , Xv          , Xv          , Xv          , Xv          , Xv          , Xv          , Xv          , Xv          , Xv          , Xv          , Xv          , Xv          , Xv          , Xv          , Xv          , Xv          , Xv          , Xv          , Xv          , Xv          , Xv          , Xv          , Xv          , Xv          
Xv          , Xv          , Xv          , Xv          , Xv          , Xv          , Xv          , Xv          , Xv          , Xv          , Xv          , Xv          , Xv          , Xv          , Xv          , Xv          , Xv          , Xv          , Xv          , Xv          , Xv          , Xv          , Xv          , Xv          , Xv          , Xv          , Xv          , Xv          , Xv          , Xv          , Xv          , Xv          , Xv          , Xv          , Xv          , Xv          , 1 Xv        , Xv          , 2 Xv        , Xv          , Xv          , Xv          , Xv          , Xv          
Xv          , Xv          , Xv          , Xv          , Xv          , Xv          , Xv          , Xv          , Xv          , Xv          , Xv          , Xv          , Xv          , Xv          , Xv          , Xv          , Xv          , Xv          , Xv          , Xv          , Xv          , Xv          , Xv          , Xv          , Xv          , Xv          , Xv          , Xv          , Xv          , Xv          , Xv          , Xv          , Xv          , Xv          , Xv          , Xv          , Xv          , Xv          , Xv          , Xv          , Xv          , Xv          , Xv          , Xv          
Xv          , Xv          , Xv          , Xv          , Xv          , Xv          , Xv          , Xv          , Xv          , Xv          , Xv          , Xv          , Xv          , Xv          , Xv          , Xv          , Xv          , Xv          , Xv          , Xv          , Xv          , Xv          , Xv          , Xv          , Xv          , Xv          , Xv          , Xv          , Xv          , Xv          , Xv          , Xv          , Xv          , Xv          , Xv          , Xv          , Xv          , Xv          , Xv          , Xv          , Xv          , Xv          , Xv          , Xv          
Xv          , Xv          , Xv          , Xv          , Xv          , Xv          , Xv          , Xv          , Xv          , Xv          , Xv          , Xv          , Xv          , Xv          , Xv          , Xv          , Xv          , Xv          , Xv          , Xv          , Xv          , Xv          , Xv          , Xv          , Xv          , Xv          , Xv          , Xv          , Xv          , Xv          , Xv          , Xv          , Xv          , Xv          , Xv          , Xv          , Xv          , Xv          , Xv          , Xv          , Xv          , Xv          , Xv          , Xv          
Xv          , Xv          , Xv          , Xv          , Xv          , Xv          , Xv          , Xv          , Xv          , Xv          , Xv          , Xv          , Xv          , Xv          , Xv          , Xv          , Xv          , Xv          , Xv          , Xv          , Xv          , Xv          , Xv          , Xv          , Xv          , Xv          , Xv          , Xv          , Xv          , Xv          , Xv          , Xv          , Xv          , Xv          , Xv          , Xv          , Xv          , Xv          , Xv          , Xv          , Xv          , Xv          , Xv          , Xv          
