border_size=1
usage=map

Ww          , Hd          , Dd          , Dd          , Hd          , Dd          , Dd          , Hd          , Rd          , Rd          , Dd          , Hd          , Dd^Do       , Hd          , Hd          , Rd          , Hd          , Hd          , Ww          , Ww          , Dd          , Hd          , Dd          , Dd          , Hd          , Hd          , Dd          , Dd          , Dd          , Hd          , Hd          , Dd          , Dd          , Dd          , Dd          , Dd          , Dd          , Dd          , Dd          , Dd          , Dd          , Dd          , Dd          , Dd          , Dd          , Gg          , Gg          , Re^Gvs      , Re^Gvs      , Ww          , Ww          , Ww          , Ww          , Re^Gvs      , Gg          , Gg          , Dd          , Rd          , Rd          , Dd          , Dd          , Dd          , Rd          , Rd          , Rd          , Dd          , Dd          , Dd          
Hd          , Ww          , Ww          , Ww          , Ww          , Dd          , Hd          , Rd          , Hd          , Dd          , Hd          , Hd          , Hd          , Hd          , Rd          , Rd          , Dd          , Ww          , Ww          , Hd          , Hd          , Dd          , Hd          , Hd          , Hd          , Hd          , Hd          , Hd          , Hd          , Hd          , Gg          , Hd          , Hd          , Dd          , Dd          , Dd          , Dd          , Dd          , Gg          , Gg^Vh       , Gg          , Gg          , Gg          , Gg          , Rd          , Dd          , Dd          , Gg          , Re^Gvs      , Re^Gvs      , Ww          , Ww          , Wo^Bw/      , Re^Gvs      , Re^Gvs      , Dd          , Dd          , Dd          , Rd          , Rd          , Dd          , Dd          , Rd          , Dd          , Dd          , Rd          , Dd^Vda      , Dd          
Hd          , Dd          , Ww          , Dd^Do       , Ww          , Dd          , Dd^Vda      , Rd          , Hd          , Rd          , Rd          , Rd          , Dd^Vda      , Rd          , Dd          , Hd          , Hd          , Dd          , Hd          , Dd          , Hd          , Dd^Do       , Hd          , Gg          , Gg^Vh       , Gg          , Rd          , Hd          , Gg          , Gg          , Gg^Vh       , Gg          , Hd          , Dd          , Dd          , Dd          , Gg          , Dd          , Rd          , Rd          , Rd          , Dd          , Dd          , Rd          , Dd          , Gg^Vh       , Gg          , Gg          , Gg          , Re^Gvs      , Re^Gvs      , Wo^Bw/      , Ww          , Ww          , Re^Gvs      , Gg          , Rd          , Rd          , Rd          , Dd^Vda      , Dd          , Rd          , Dd          , Hd          , Dd^Do       , Rd          , Rd          , Dd          
Hd          , Hd          , Ww          , Ww          , Hd          , Rd          , Hd          , Rd          , Hd          , Dd          , Hd          , Dd          , Rd          , Rd          , Hd          , Dd          , Hd          , Rd          , Dd^Vda      , Hd          , Hd          , Rd          , Hd          , Gg          , Gg          , Rd          , Gg          , Rd          , Gg          , Rd          , Gg          , Hd          , Dd          , Dd          , Dd          , Gg          , Gg          , Rd          , Dd          , Dd          , Gg          , Rd          , Rd          , Rd          , Gg          , Gg          , Dd          , Gg          , Gg          , Re^Gvs      , Wo          , Ww          , Wo          , Wo          , Rd          , Rd          , Gg          , Dd          , Hd          , Rd          , Hd          , Rd          , Dd          , Dd          , Rd          , Ww          , Ww          , Rd          
Hd          , Dd          , Ww          , Dd          , Rd          , Rd          , Dd          , Hd          , Ww          , Hd          , Dd          , Hd          , Dd          , Hd          , Rd          , Hd          , Rd          , Rd          , Hd          , Rd          , Hd          , Hd          , Dd          , Hd          , Hd          , Hd          , Gg          , Rd          , Rd          , Rd          , Gg          , Hd          , Dd          , Hd          , Dd          , Gg          , Rd          , Rd          , Gg          , Gg          , Gg          , Rd          , Dd          , Gg          , Dd          , Dd          , Gg          , Gg          , Gg          , Re^Gvs      , Wo          , Wo          , Wo          , Dd^Vda      , Re^Gvs      , Gg          , Dd          , Hd          , Dd          , Dd          , Dd          , Rd          , Rd          , Rd          , Dd          , Dd          , Ww          , Dd          
Hd          , Hd          , Hd          , Ww          , Ww          , Hd          , Hd          , Dd          , Ww          , Ww          , Ww          , Ww          , Hd          , Dd          , Rd          , Hd          , Dd          , Hd          , Rd          , Hd          , Hd          , Dd          , Dd          , Dd          , Rd          , Hd          , Hd          , Gg          , Gg          , Rd          , Gg          , Hd          , Dd          , Dd          , Gg          , Gg^Vh       , Gg          , Gg          , Gg          , Gg          , Gg          , Rd          , Gg          , Gg          , Dd          , Dd          , Gg          , Gg          , Gg          , Re^Gvs      , Wo          , Wo          , Re^Gvs      , Re^Gvs      , Gg          , Gg          , Gg          , Rd          , Rd          , Rd          , Rd          , Rd          , Dd          , Dd^Vda      , Dd          , Hd          , Dd          , Ww          
Rd          , Hd          , Rd          , Rd          , Ww          , Ww          , Ww          , Ww          , Hd          , Hd          , Hd          , Dd          , Dd          , Hd          , Hd          , Hd          , Hd          , Rd          , Rd          , Hd          , Rd          , Hd          , Hd          , Hd          , Hd          , Rd          , Hd          , Hd          , Gg          , Rd          , Gg          , Gg          , Dd          , Dd          , Dd          , Dd          , Dd          , Dd          , Dd          , Gg          , Dd          , Gg^Vh       , Dd          , Hd          , Dd          , Gg          , Gg          , Gs^Fdw      , Re^Gvs      , Re^Gvs      , Wo          , Wo          , Re^Gvs      , Re^Gvs      , Gg          , Gg          , Gg          , Dd          , Dd          , Dd          , Dd          , Hd          , Rd          , Rd          , Dd          , Dd          , Dd          , Dd          
Hd          , Rd          , Hd          , Hd          , Hd          , Hd          , Hd          , Dd          , Hd          , Dd          , Dd          , Hd          , Dd          , Hd          , Ww          , Rd          , Rd          , Hd          , Hd          , Hd          , Hd          , Rd          , Dd^Vda      , Rd          , Hd          , Rd          , Hd          , Hd          , Hd          , Gg^Vh       , Gg          , Gg          , Dd          , Hd          , Dd          , Hd          , Dd          , Dd          , Dd          , Dd          , Dd          , Dd          , Gg          , Dd          , Gg          , Gg          , Gg          , Re^Gvs      , Wo          , Wo          , Wo          , Wo          , Re^Gvs      , Gg          , Hh          , Gg          , Dd          , Hd          , Dd          , Dd          , Dd^Do       , Dd          , Dd          , Dd          , Hd          , Rd          , Dd          , Dd          
Hd          , Hd          , Dd          , Dd          , Rd          , Dd          , Hd          , Dd          , Hd          , Hd          , Hd          , Dd          , Hd          , Dd^Do       , Ww          , Dd^Vda      , Hd          , Hd          , Dd          , Dd          , Dd          , Hd          , Hd          , Rd          , Hd          , Hd          , Dd          , Hd          , Hd          , Dd          , Dd          , Dd          , Hd          , Dd          , Dd          , Dd          , Dd          , Gg          , Gg          , Dd          , Gg          , Hd          , Gg          , Gg          , Gg          , Gg          , Re^Gvs      , Re^Gvs      , Wo          , Wo          , Wo          , Re^Gvs      , Gs^Fdw      , Gg          , Gg          , Gg          , Gg          , Dd          , Dd          , Hd          , Dd          , Dd          , Dd          , Rd          , Rd          , Rd          , Dd          , Dd          
Hd          , Hd          , Hd          , Hd          , Hd          , Hd          , Hd          , Hd          , Dd          , Dd          , Dd          , Hd          , Hd          , Hd          , Hd          , Rd          , Dd          , Hd          , Hd          , Dd          , Hd          , Dd          , Hd          , Hd          , Dd          , Dd          , Dd          , Dd          , Dd          , Dd          , Dd          , Dd          , Dd          , Dd          , Gg          , Gg          , Gg          , Gg          , Gg          , Gg          , Rd          , Gg          , Rd          , Gs^Fdw      , Rd          , Re^Gvs      , Re^Gvs      , Wo          , Wo          , Wo          , Re^Gvs      , Re^Gvs      , Gs^Fdw      , Gg          , Gg          , Gg          , Gg          , Dd          , Dd          , Dd          , Hd          , Hd          , Dd          , Dd          , Dd          , Dd^Vda      , Dd          , Dd          
Hd          , Hd          , Dd          , Hd          , Dd          , Rd          , Dd          , Hd          , Hd          , Hd          , Hd          , Dd          , Hd          , Dd          , Hd          , Hd          , Rd          , Dd          , Dd          , Dd          , Hd          , Dd          , Hd          , Dd          , Dd          , Gg          , Gg          , Dd          , Hd          , Hd          , Gg          , Gg          , Gg          , Gg          , Gg^Vh       , Gg          , Gg          , Gg          , Gg          , Rd          , Gg          , Rd          , Gg          , Rd          , Re^Gvs      , Gg^Vh       , Wo          , Wo          , Wo          , Wo          , Re^Gvs      , Gg          , Gg          , Gg          , Gg          , Gg          , Gg          , Dd          , Gg          , Dd          , Dd          , Hd          , Dd          , Hd          , Dd          , Rd          , Rd          , Dd          
Hd          , Hd          , Dd          , Dd          , Hd          , Rd          , Hd          , Dd          , Rd          , Hd          , Hd          , Dd          , Hd          , Hd          , Dd          , Rd          , Dd          , Hd          , Dd          , Hd          , Hd          , Hd          , Hd          , Dd          , Gg          , Rp^Vhc      , Dd          , Dd          , Gg          , Dd          , Gg          , Gg          , Gg          , Gg          , Rd          , Gg          , Rd          , Rd          , Rd          , Rd          , Gg          , Gg          , Gg          , Gg          , Re^Gvs      , Re^Gvs      , Wo          , Wo          , Wo          , Wo          , Re^Gvs      , Gg          , Gg          , Gg          , Rd          , Gg^Vh       , Gg          , Gg          , Gg          , Gg          , Dd          , Dd          , Hd          , Dd          , Rd          , Dd          , Dd          , Rd          
Hd          , Dd          , Hd          , Hd          , Hd          , Hd          , Dd          , Rd          , Dd^Vda      , Dd          , Dd          , Dd          , Hd          , Hd          , Rd          , Hd          , Rd          , Dd          , Hd          , Rd          , Rd          , Hd          , Dd          , Dd          , Dd          , Dd          , Dd          , Dd          , Gg          , Gg          , Gg          , Gg          , Rd          , Rd          , Gg          , Rd          , Gg          , Gg          , Gg          , Rd          , Gg          , Gg          , Gg          , Gg          , Re^Gvs      , Wo          , Wo          , Wo          , Wo          , Wo          , Wo          , Re^Gvs      , Gg          , Gg          , Rd          , Rd          , Gg          , Gg          , Gg          , Dd          , Hd          , Dd          , Dd          , Dd          , Rd          , Dd          , Dd          , Dd          
Hd          , Hd          , Hd          , Dd          , Dd          , Dd          , Hd          , Dd          , Rd          , Rd          , Dd^Dc       , Hd          , Rd          , Rd          , Hd          , Rd          , Dd^Vda      , Rd          , Hd          , Hd          , Dd          , Dd          , Dd          , Dd          , Hd          , Dd          , Dd          , Gg          , Gg          , Hh          , Gg          , Gg          , Rd          , Gg          , Gg          , Gg          , Gg          , Gg          , Gg          , Rd          , Rd          , Gg          , Gg          , Gg          , Re^Gvs      , Wo          , Wo          , Hh          , Wo          , Hh          , Wo          , Re^Gvs      , Rd          , Rd          , Rd          , Gg          , Gg          , Dd          , Dd          , Dd          , Dd          , Dd          , Dd          , Dd          , Dd          , Rd          , Rd          , Rd          
Hd          , Dd          , Dd          , Hd          , Hd          , Hd          , Hd          , Hd          , Dd          , Rd          , Rd          , Dd          , Dd          , Dd          , Hd          , Rd          , Dd          , Dd          , Dd          , Hd          , Dd          , Dd          , Dd          , Dd          , Dd          , Dd          , Dd          , Dd          , Dd          , Gg          , Gg^Vh       , Rd          , Gg          , Gg          , Gg          , Gg          , Gs^Fdw      , Gg          , Gg          , Gg          , Rd          , Gg          , Gg          , Gg          , Re^Gvs      , Re^Gvs      , Wo          , Wo          , Wo          , Wo          , Gg^Vh       , Rd          , Rd          , Gs^Fdw      , Rd          , Gg          , Dd          , Hd          , Dd          , Hd          , Dd          , Dd          , Rd          , Rd          , Dd          , Dd          , Dd          , Dd          
Rd          , Hd          , Hd          , Dd          , Hd          , Hd          , Dd          , Dd          , Hd          , Dd          , Rd          , Hd          , Hd          , Rd          , Dd          , Dd          , Hd          , Dd          , Dd          , Dd          , Dd          , Dd          , Hd          , Dd          , Hd          , Hd          , Dd          , Hd          , Dd          , Gg          , Dd          , Gg          , Gg          , Gg          , Hh          , Gg          , Gg          , Gg          , Hh          , Gg          , Gg          , Gg^Vh       , Gg          , Gg          , Re^Gvs      , Wo          , Wo          , Wo          , Wo          , Re^Gvs      , Re^Gvs      , Rd          , Gg          , Rd          , Rd          , Gg          , Gg          , Dd          , Gg          , Dd          , Gg          , Dd          , Dd          , Dd          , Dd          , Hd          , Hd          , Dd          
Hd          , Rd          , Rd          , Rd          , Rd          , Dd          , Rd          , Hd          , Rd          , Dd          , Dd^Vda      , Rd          , Hd          , Hd          , Dd          , Dd          , Dd          , Dd          , Hd          , Dd          , Dd          , Dd          , Hd          , Dd          , Dd          , Dd          , Hd          , Dd          , Dd          , Dd          , Dd          , Dd          , Gg          , Gg          , Gg          , Gg          , Gg          , Gg          , Gg          , Gg          , Gg          , Gg          , Gg          , Re^Gvs      , Re^Gvs      , Wo          , Wo          , Re^Gvs      , Wo          , Re^Gvs      , Rd          , Rd          , Gg          , Gg          , Gs^Fdw      , Rd          , Rd          , Gg          , Rd          , Rd          , Gg^Vh       , Gg          , Dd          , Dd          , Hd          , Dd          , Dd          , Dd          
Hd          , Hd          , Dd          , Hd          , Dd          , Rd          , Dd          , Dd          , Hd          , Hd          , Rd          , Hd          , Hd          , Hd          , Dd          , Dd          , Hd          , Dd          , Dd          , Hd          , Dd          , Dd          , Dd          , Dd          , Dd          , Hd          , Hd          , Dd          , Hd          , Dd          , Gg          , Gg          , Gg          , Gg          , Gg          , Gg          , Gg          , Gg          , Gg          , Gg          , Gg          , Gg          , Gs^Fdw      , Gg          , Re^Gvs      , Wo          , Wo          , Wo          , Re^Gvs      , Rd          , Gg          , Gg          , Gg          , Gg          , Gg          , Gg          , Gg          , Rd          , Rd          , Rd          , Gg          , Gg          , Gg          , Dd          , Dd          , Dd          , Dd          , Dd          
Ww          , Hd          , Hd          , Dd          , Hd          , Dd          , Hd          , Dd          , Dd          , Dd          , Rd          , Hd          , Hd          , Hd          , Dd          , Dd          , Dd          , Dd          , Dd          , Dd          , Dd          , Dd          , Dd          , Dd          , Dd          , Dd          , Dd          , Dd          , Dd          , Dd          , Dd          , Gg          , Gg          , Hh          , Hh          , Gg          , Gg          , Gg          , Gg          , Hh          , Gg          , Gg          , Gg          , Re^Gvs      , Wo          , Wo          , Wo          , Re^Gvs      , Rd          , Rd          , Gg          , Gg          , Gg          , Gg          , Hh          , Gg          , Gg          , Rd          , Gg          , Gg          , Dd          , Gg          , Dd          , Dd          , Dd          , Hd          , Dd          , Dd          
Hd          , Ww          , Ww          , Ww          , Ww          , Hd          , Ww          , Dd          , Hd          , Hd          , Dd          , Dd          , Dd          , Dd          , Dd          , Hd          , Dd          , Dd          , Dd          , Dd          , Hd          , Dd          , Dd          , Hd          , Hd          , Dd          , Dd          , Hd          , Dd          , Dd          , Gg          , Gg          , Gg          , Gg          , Gg          , Gg          , Gg          , Gg          , Gg          , Gg          , Gg          , Gs^Fdw      , Re^Gvs      , Re^Gvs      , Wo          , Wo          , Wo          , Gg^Vh       , Rd          , Gg          , Gg          , Gg          , Hh          , Gg          , Gg          , Gg          , Gg          , Rd          , Hd          , Dd          , Hd          , Dd          , Dd          , Hd          , Hd          , Dd          , Dd          , Dd          
Hd          , Dd          , Hd          , Hd          , Dd          , Ww          , Ww          , Ww          , Dd          , Dd          , Rd          , Dd          , Dd          , Dd          , Dd          , Dd          , Dd          , Hd          , Dd          , Dd          , Dd          , Dd          , Dd          , Dd          , Dd          , Dd          , Dd          , Dd          , Dd          , Dd          , Gg          , Gg          , Gg          , Gg          , Gg          , Gg          , Gg          , Gg          , Gg          , Gg          , Gg          , Gg          , Re^Gvs      , Wo          , Wo          , Wo          , Re^Gvs      , Re^Gvs      , Rd          , Gg          , Gg          , Gg          , Hh          , Gg          , Gg          , Gg          , Rd          , Rd          , Dd          , Dd          , Dd          , Dd          , Dd^Do       , Ww          , Dd          , Dd          , Hd          , Dd          
Hd          , Hd          , Dd          , Dd          , Dd          , Dd          , Dd          , Dd^Do       , Hd          , Dd          , Dd          , Dd          , Rd          , Dd          , Gg          , Gg          , Gg          , Dd          , Dd          , Dd          , Dd          , Dd          , Dd          , Dd          , Dd          , Gg          , Gg          , Gg          , Gg          , Gg          , Gg          , Gg          , Gg          , Gg          , Gg          , Gg          , Gg          , Gg          , Gg          , Gg          , Gg          , Gg          , Re^Gvs      , Wo          , Wo          , Wo          , Re^Gvs      , Re^Gvs      , Rd          , Gg          , Gg          , Gg          , Rd          , Gg          , Rd          , Gg          , Rd          , Gg          , Gg          , Dd          , Hd          , Dd          , Ww          , Ww          , Ww          , Hd          , Ww          , Dd          
Dd          , Dd          , Dd          , Rd          , Dd          , Dd          , Rd          , Dd          , Dd          , Dd          , Dd^Vda      , Rd          , Dd          , Dd          , Dd          , Gg          , Gg^Vh       , Gg          , Gg          , Dd          , Dd          , Dd          , Dd          , Gg          , Gg          , Gg          , Gg^Vh       , Gg          , Gg          , Gg          , Gg          , Gg          , Gg          , Gg          , Gg          , Gg^Vh       , Gg          , Gg          , Gg          , Hh          , Gg          , Gg          , Gg^Vh       , Wo          , Wo          , Wo          , Wo          , Re^Gvs      , Rd          , Gg          , Rd          , Rd          , Gg          , Rd          , Gg          , Rd          , Gg^Vh       , Gg          , Dd          , Dd          , Dd          , Dd          , Dd          , Hd          , Dd          , Ww          , Dd          , Ww          
Dd          , Dd          , Rd          , Dd^Vda      , Rd          , Dd          , Hd          , Rd          , Dd          , Rd          , Rd          , Dd          , Hd          , Dd          , Gg          , Gg          , Rd          , Rd          , Rd          , Dd          , Rd          , Dd          , Dd          , Gg          , Gg          , Gg          , Gg          , Rd          , Gg          , Gg          , Gs^Fdw      , Gg          , Gg          , Gg          , Gg          , Rd          , Gg          , Gg          , Gg          , Gg          , Gg          , Rd          , Re^Gvs      , Re^Gvs      , Re^Gvs      , Wo          , Wo          , Re^Gvs      , Rd          , Rd          , Gg          , Gg          , Gg          , Gg          , Gg          , Gg          , Gg          , Gg          , Dd          , Dd          , Rd          , Rd          , Dd          , Dd          , Hd          , Dd          , Hd          , Dd          
Dd          , Dd          , Dd          , Rd          , Dd          , Dd          , Rd          , Dd          , Rd          , Rd          , Dd          , Dd          , Dd          , Dd          , Gg          , Gg          , Rd          , Gg          , Dd          , Dd          , Dd          , Rd          , Rd          , Rd          , Rd          , Gg          , Rd          , Rd          , Rd          , Gg          , Gg          , Gg          , Gg          , Gg          , Rd          , Rd          , Rd          , Gg          , Rd          , Gg          , Rd          , Rd          , Re^Gvs      , Re^Gvs      , Wo          , Wo          , Gg          , Wo          , Rd          , Gg          , Gg          , Gg          , Gg          , Gg          , Gg          , Dd          , Dd          , Dd          , Hd          , Dd          , Dd          , Dd^Vda      , Rd          , Dd          , Hd          , Dd^Dc       , Hd          , Dd          
Dd          , Hd          , Hd          , Dd          , Rd          , Hd          , Dd          , Dd          , Hd          , Dd          , Dd          , Hd          , Dd          , Dd          , Gg          , Gg          , Rd          , Gg          , Dd          , Hd          , Dd          , Dd          , Dd          , Gg          , Gg          , Rd          , Gg          , Gg          , Gg          , Rd          , Rd          , Gg          , Gg          , Gg          , Rd          , Gg          , Gg          , Rd          , Gg          , Rd          , Rd          , Gg          , Re^Gvs      , Wo          , Gg          , Wo          , Wo          , Wo          , Rd          , Gg          , Gg          , Gg          , Gg          , Gg          , Dd          , Ww          , Dd^Do       , Dd          , Dd^Dc       , Dd          , Dd          , Rd          , Rd          , Dd          , Dd          , Dd          , Dd          , Dd          
Dd          , Dd          , Dd          , Rd          , Dd          , Dd          , Dd          , Rd          , Dd          , Rd          , Rd          , Dd          , Dd          , Gg          , Gg          , Gg^Vh       , Rd          , Rd          , Dd          , Dd          , Dd          , Hd          , Gg          , Gg          , Gg          , Gg          , Gg          , Gg          , Gg          , Gg          , Gg          , Rd          , Rd          , Rd          , Gg          , Gg          , Gg          , Gg          , Gg          , Gg          , Rd          , Gg          , Re^Gvs      , Wo          , Wo          , Wo          , Wo          , Gg^Vh       , Rd          , Gg          , Gg          , Gg          , Gg          , Gg          , Gs^Fdw      , Ww          , Dd          , Hd          , Dd          , Dd          , Dd          , Dd          , Dd          , Dd          , Dd          , Hd          , Dd          , Dd          
Dd          , Hd          , Hd          , Dd          , Rd          , Rd          , Rd          , Rd          , Dd          , Dd          , Rd          , Dd          , Rd          , Dd          , Dd          , Gg          , Dd          , Dd          , Dd          , Rd          , Rd          , Gg          , Gg          , Gg          , Hh          , Hh          , Gg          , Gg          , Gg          , Gg          , Gg          , Gg          , Gg^Vh       , Gg          , Gg          , Gg          , Gg          , Gg          , Gg          , Gg          , Gg^Vh       , Re^Gvs      , Ww          , Ww          , Re^Gvs      , Wo          , Re^Gvs      , Re^Gvs      , Gg          , Rd          , Rd          , Gg          , Gg          , Gs^Fdw      , Gg          , Gg          , Dd          , Dd          , Hd          , Dd          , Dd          , Dd          , Rd          , Rd          , Dd          , Dd          , Dd          , Dd          
Dd          , Hd          , Dd          , Rd          , Dd          , Dd          , Hd          , Dd          , Rd          , Rd          , Dd          , Rd          , Dd          , Dd          , Dd          , Dd          , Dd          , Dd          , Dd          , Dd          , Dd          , Gg          , Gg          , Gg          , Gg          , Gg          , Gg          , Hh          , Hh          , Gg          , Gg          , Gg          , Gg          , Gg          , Gg          , Gg          , Gg          , Gg          , Gg          , Gg          , Re^Gvs      , Wo          , Wo          , Ww          , Re^Gvs      , Re^Gvs      , Gs^Fdw      , Gg          , Gg          , Gg          , Gg          , Rd          , Rd          , Gg          , Gg          , Dd          , Dd          , Hd          , Dd          , Dd          , Dd          , Dd          , Rd          , Dd^Vda      , Rd          , Dd          , Dd          , Dd          
Dd          , Dd          , Dd          , Rd          , Ss^Vhs      , Dd          , Dd          , Dd          , Hd          , Dd          , Dd          , Dd          , Dd          , Hd          , Dd          , Dd          , Hd          , Dd          , Dd          , Dd          , Dd          , Gg          , Gg          , Gg          , Gg          , Gg          , Gg          , Gg          , Gg          , Gg          , Gs^Fdw      , Gg          , Gg          , Gg          , Gg          , Gg          , Hh          , Gg          , Re^Gvs      , Re^Gvs      , Wo          , Wo          , Wo          , Wo          , Wo          , Re^Gvs      , Gg          , Hh          , Gg          , Gs^Fdw      , Gg          , Gg          , Rd          , Rd          , Gg          , Gg          , Gg          , Dd          , Dd          , Dd          , Dd          , Hd          , Dd          , Dd          , Rd          , Dd          , Dd          , Dd          
Dd          , Dd          , Dd          , Dd          , Rd          , Dd          , Rd          , Rd          , Dd          , Dd          , Dd          , Dd          , Dd          , Dd          , Dd          , Dd          , Dd          , Dd          , Dd          , Dd          , Dd          , Dd          , Dd          , Gg          , Gg          , Gg          , Gg          , Gg          , Gg          , Gg          , Gs^Fdw      , Gg          , Gs^Fdw      , Hh          , Hh          , Gg          , Gg          , Gg          , Re^Gvs      , Wo          , Wo          , Wo          , Wo          , Wo          , Re^Gvs      , Re^Gvs      , Gg          , Gg          , Gg          , Gg          , Hh          , Gg          , Gg          , Gg^Vh       , Gg          , Gg          , Dd          , Dd          , Dd          , Hd          , Dd          , Dd          , Hd          , Dd          , Dd          , Dd          , Ww          , Ww          
Rd          , Dd          , Rd          , Dd          , Dd          , Dd          , Rd          , Dd          , Dd          , Dd          , Dd          , Dd          , Hd          , Dd          , Dd          , Dd          , Hd          , Dd          , Dd          , Dd          , Dd          , Dd          , Gg          , Gg          , Gg          , Gg          , Gg          , Gg^Vh       , Rd          , Gg          , Rd          , Gg          , Gg          , Hh          , Gg          , Gg          , Gg          , Gg          , Re^Gvs      , Wo          , Wo          , Wo          , Wo          , Re^Gvs      , Re^Gvs      , Gg          , Rd          , Rd          , Gg          , Gg          , Gg          , Gg          , Gg          , Gg          , Dd          , Gg          , Gg          , Dd          , Dd          , Dd          , Dd          , Hd          , Dd          , Rd          , Dd          , Dd          , Ww          , Dd          
Rd          , Rd          , Dd          , Rd          , Rd          , Rd          , Dd          , Dd          , Hd          , Dd          , Dd          , Hd          , Hd          , Dd          , Dd          , Hd          , Hd          , Hd          , Dd          , Dd          , Dd          , Dd          , Gg          , Gg          , Gg          , Gg          , Gg          , Gg          , Gg          , Rd          , Gg          , Rd          , Rd          , Gg          , Gg          , Gg          , Gg          , Re^Gvs      , Wo^Bw\      , Ww          , Ww          , Wo          , Re^Gvs      , Gg^Vh       , Rd          , Rd          , Gg          , Gg          , Hh          , Gg          , Gg          , Hh          , Gg          , Gg          , Dd          , Dd          , Dd          , Dd          , Dd          , Rd          , Dd          , Dd          , Dd          , Dd          , Rd          , Ww          , Rd          , Rd          
Dd          , Dd          , Dd          , Dd          , Dd          , Dd          , Dd          , Hd          , Hd          , Hd          , Dd          , Dd          , Dd          , Dd          , Hd          , Hd          , Hd          , Dd          , Dd          , Hd          , Dd          , Gg          , Gg          , Gg          , Gg          , Gg          , Gg          , Gg          , Gs^Fdw      , Gg          , Gg          , Gg          , Rd          , Gg^Vh       , Gg          , Gg          , Gg          , Re^Gvs      , Ww          , Wo^Bw\      , Re^Gvs      , Re^Gvs      , Rd          , Rd          , Rd          , Gg          , Gg          , Gg          , Gg          , Gg          , Gg          , Gg          , Dd          , Gg          , Dd          , Dd^Do       , Dd          , Dd          , Rd          , Dd^Vda      , Rd          , Dd          , Dd^Do       , Rd          , Ww          , Ww          , Rd          , Dd          
Dd          , Dd          , Dd          , Dd          , Rd          , Dd          , Rd          , Dd          , Hd          , Hd          , Dd          , Dd          , Dd          , Dd          , Dd          , Dd          , Dd          , Dd          , Dd          , Hd          , Dd          , Dd          , Gg          , Gg          , Gs^Fdw      , Gg          , Gg          , Gs^Fdw      , Gs^Fdw      , Gg          , Gs^Fdw      , Rd          , Gg          , Gg          , Gg          , Gg          , Re^Gvs      , Re^Gvs      , Wo          , Ww          , Re^Gvs      , Rd          , Gg          , Gg          , Gg          , Rd          , Gg          , Gg          , Gg          , Gg          , Gg          , Gg          , Dd          , Dd          , Dd          , Dd          , Hd          , Dd          , Dd          , Dd          , Dd          , Dd          , Dd          , Ww          , Dd          , Rd          , Dd          , Dd          
Dd          , Dd          , Dd          , Ss^Vhs      , Rd          , Dd          , Dd          , Dd          , Dd          , Dd          , Rd          , Rd          , Dd          , Dd          , Dd          , Dd          , Hd          , Hd          , Dd          , Dd          , Gg          , Gg          , Gg          , Gg          , Gg          , Gg          , Gg          , Gg          , Gg          , Gg          , Rd          , Gs^Fdw      , Gs^Fdw      , Gg          , Gg          , Re^Gvs      , Wo          , Wo          , Wo          , Wo          , Rd          , Rd          , Gg          , Gg          , Gg          , Rd          , Rd          , Gg          , Gg          , Gg          , Gg          , Dd          , Dd          , Dd          , Dd          , Hd          , Hd          , Hd          , Dd          , Dd          , Rd          , Rd          , Dd          , Dd          , Dd          , Rd          , Hd          , Dd          
Dd          , Dd          , Dd          , Dd          , Rd          , Dd          , Dd          , Rd          , Ss^Vhs      , Dd          , Dd          , Dd          , Dd          , Dd          , Dd          , Dd          , Dd          , Dd          , Gg          , Dd          , Gg          , Gg          , Gg          , Gg          , Gg          , Gg          , Gg          , Gg          , Gg          , Gg          , Gg          , Gs^Fdw      , Hh          , Hh          , Gg          , Re^Gvs      , Wo          , Wo          , Re^Gvs      , Re^Gvs      , Rd          , Gg          , Gg          , Gg          , Gg          , Gg          , Gg          , Rd          , Gg          , Gg          , Dd          , Dd^Do       , Dd          , Dd          , Dd          , Dd          , Dd          , Dd          , Dd          , Dd          , Dd          , Dd          , Dd          , Rd          , Dd          , Rd          , Hd          , Dd          
Dd          , Dd          , Dd          , Dd          , Dd          , Rd          , Dd          , Dd          , Dd          , Rd          , Dd          , Rd          , Rd          , Rd          , Dd          , Dd          , Rd          , Dd          , Gg          , Gg          , Gg          , Gg          , Gg          , Gg          , Gg          , Gg          , Gg          , Gg          , Rd          , Gg          , Gg          , Gg          , Gg          , Hh          , Gg          , Re^Gvs      , Wo          , Wo          , Wo          , Gg^Vh       , Rd          , Gg          , Gg          , Gg          , Gg          , Gs^Fdw      , Gg          , Rd          , Gg          , Gg          , Gg          , Dd          , Dd          , Dd          , Dd          , Dd          , Dd          , Rd          , Rd          , Rd          , Dd          , Dd          , Rd          , Dd^Vda      , Dd          , Rd          , Hd          , Hd          
Dd          , Dd          , Dd          , Rd          , Dd          , Dd          , Dd          , Rd          , Dd          , Dd          , Dd          , Dd          , Dd          , Dd          , Dd          , Rd          , Dd          , Dd          , Dd          , Gg          , Gg          , Gg          , Gg          , Gg          , Rd          , Rd          , Rd          , Rd          , Gg          , Gg^Vh       , Rd          , Gg          , Gg          , Gg          , Gg          , Re^Gvs      , Re^Gvs      , Wo          , Wo          , Wo          , Rd          , Gg          , Gg          , Hh          , Gg          , Gs^Fdw      , Gg          , Rd          , Gg^Vh       , Gg          , Gg          , Gg          , Dd          , Dd          , Dd          , Dd          , Dd          , Dd^Vda      , Dd          , Dd          , Hd          , Dd          , Dd          , Rd          , Rd          , Rd          , Hd          , Hd          
Dd          , Dd          , Dd          , Rd          , Dd          , Dd          , Dd          , Rd          , Dd          , Dd          , Dd          , Rd          , Rd          , Rd          , Rd          , Dd          , Dd          , Gg          , Gg          , Gg          , Gg^Vh       , Gg          , Rd          , Rd          , Gg          , Gg          , Gg          , Gg          , Gg          , Gg          , Gg          , Rd          , Gg          , Gg          , Gg          , Re^Gvs      , Re^Gvs      , Wo          , Wo          , Wo          , Rd          , Gg          , Gg          , Gg          , Gg          , Gg          , Gg          , Rd          , Gg          , Gg          , Gg          , Dd          , Dd          , Dd          , Dd          , Dd          , Dd          , Rd          , Dd          , Dd          , Hd          , Hd          , Hd          , Dd          , Dd          , Hd          , Hd          , Hd          
Dd          , Dd          , Dd          , Dd          , Rd          , Dd          , Rd          , Dd          , Rd          , Rd          , Dd          , Dd          , Dd          , Dd          , Dd          , Rd          , Dd          , Gg          , Gg          , Gg          , Gg          , Rd          , Gg          , Gg          , Gg          , Gg          , Gg          , Gg          , Hh          , Gg          , Gs^Fdw      , Rd          , Gg          , Gg          , Re^Gvs      , Re^Gvs      , Ww          , Ww          , Ww          , Wo          , Rd          , Gg          , Gg          , Gg          , Gg          , Gg          , Rd          , Rd          , Gg          , Gg          , Gg          , Gg          , Hd          , Hd          , Dd          , Dd          , Dd          , Dd          , Hd          , Rd          , Hd          , Hd          , Rd          , Rd          , Dd          , Hd          , Hd          , Hd          
Dd          , Dd          , Dd          , Dd          , Ss^Vhs      , Rd          , Dd          , Dd          , Dd          , Dd          , Dd          , Dd          , Dd          , Dd          , Dd          , Dd          , Dd          , Dd          , Gg          , Gg          , Gg          , Rd          , Gg          , Gs^Fdw      , Gg          , Hh          , Gg          , Gg          , Gg          , Gg          , Gg          , Rd          , Gg          , Gg          , Re^Gvs      , Wo          , Wo          , Ww          , Re^Gvs      , Re^Gvs      , Rd          , Gg          , Gg          , Gg          , Gg          , Gg          , Rd          , Gg          , Gg          , Gg          , Dd          , Dd          , Hd          , Hd          , Dd          , Dd          , Hd          , Hd          , Rd          , Dd          , Dd          , Hd          , Dd          , Rd          , Rd          , Dd          , Dd          , Dd          
Dd          , Dd          , Dd          , Dd          , Dd          , Dd          , Dd          , Dd          , Dd          , Dd          , Dd          , Dd          , Dd          , Dd          , Dd          , Dd          , Dd          , Dd          , Dd          , Gg          , Gg          , Rd          , Gg          , Gg          , Gg          , Gg          , Gg          , Gg          , Gg          , Gg          , Gg          , Rd          , Gg          , Gg          , Re^Gvs      , Wo          , Wo          , Re^Gvs      , Rd          , Rd          , Gg          , Rd          , Rd          , Gg          , Rd          , Rd          , Gg          , Gg          , Gg          , Gg          , Dd          , Dd          , Dd          , Dd          , Dd          , Dd          , Dd          , Hd          , Ss^Vhs      , Dd          , Rd          , Dd          , Dd          , Dd          , Hd          , Dd          , Dd          , Dd          
Dd          , Dd          , Dd          , Dd          , Dd          , Dd          , Dd          , Dd          , Dd          , Dd          , Dd          , Dd          , Dd          , Dd          , Dd          , Dd          , Dd          , Dd          , Dd          , Gg          , Gg          , Rd          , Rd          , Gg          , Rd          , Gg          , Rd          , Gg          , Rd          , Rd          , Rd          , Rd          , Gg^Vh       , Re^Gvs      , Wo          , Wo          , Wo          , Rp^Vhc      , Gg          , Gg          , Gg          , Gg          , Gg          , Rd          , Rd          , Gg          , Gg          , Gg          , Dd          , Dd          , Dd          , Dd^Do       , Dd          , Dd          , Hd          , Dd          , Dd          , Dd          , Dd          , Dd          , Dd          , Dd          , Rd          , Rd          , Hd          , Hd          , Hd          , Dd          
Dd          , Dd          , Dd          , Dd          , Dd          , Dd          , Dd          , Dd          , Dd          , Dd          , Dd          , Dd          , Dd          , Dd          , Dd          , Dd          , Ww          , Dd          , Dd          , Dd          , Dd          , Gg          , Rd          , Rd          , Gg          , Rd          , Gg          , Rd          , Gg          , Gg          , Gg          , Gg          , Re^Gvs      , Wo          , Wo          , Wo          , Re^Gvs      , Re^Gvs      , Gg          , Gg          , Hh          , Gg          , Gg          , Gg          , Gg^Vh       , Gg          , Gg          , Gg          , Dd          , Dd          , Dd          , Dd          , Dd          , Hd          , Hd          , Dd          , Dd          , Dd          , Dd          , Dd          , Dd          , Hd          , Hd          , Ss^Vhs      , Dd          , Hd          , Dd          , Dd          
Gg          , Dd          , Dd          , Dd          , Dd          , Dd          , Dd          , Dd          , Dd          , Dd          , Dd          , Dd          , Dd          , Dd          , Dd          , Ww          , Dd          , Ww          , Ww          , Dd^Do       , Ww          , Gg^Vh       , Gg          , Gg          , Gg          , Gg          , Gg          , Gg          , Gg          , Gg          , Re^Gvs      , Re^Gvs      , Wo          , Wo          , Wo          , Re^Gvs      , Gg          , Gg          , Gg          , Gg          , Gg          , Gg          , Gg          , Gg          , Gg          , Gg          , Gg          , Dd          , Dd          , Dd          , Dd          , Dd          , Dd          , Dd          , Dd          , Dd          , Dd          , Dd          , Dd          , Dd          , Dd          , Hd          , Hd          , Dd          , Dd          , Dd          , Dd          , Dd          
Xv          , Dd          , Xv          , Dd          , Xv          , Dd          , Xv          , Dd          , Xv          , Dd          , Xv          , Dd          , Xv          , Dd          , Xv          , Ww          , Xv          , Dd          , Xv          , Ww          , Xv          , Gg          , Xv          , Gg          , Xv          , Gg          , Xv          , Gg          , Xv          , Gg          , Xv          , Wo          , Xv          , Wo          , Xv          , Re^Gvs      , Xv          , Gg          , Xv          , Gg          , Xv          , Gg          , Xv          , Gg          , Xv          , Gg          , Xv          , Dd          , Xv          , Dd          , Xv          , Dd          , Xv          , Dd          , Xv          , Dd          , Xv          , Dd          , Xv          , Dd          , Xv          , Dd          , Xv          , Dd          , Xv          , Dd          , Xv          , Dd          
Xv          , Xv          , Xv          , Xv          , Xv          , Xv          , Xv          , Xv          , Xv          , Xv          , Xv          , Xv          , Xv          , Xv          , Xv          , Xv          , Xv          , Xv          , Xv          , Xv          , Xv          , Xv          , Xv          , Xv          , Xv          , Xv          , Xv          , Xv          , Xv          , Xv          , Xv          , Xv          , Xv          , Xv          , Xv          , Xv          , Xv          , Xv          , Xv          , Xv          , Xv          , Xv          , Xv          , Xv          , Xv          , Xv          , Xv          , Xv          , Xv          , Xv          , Xv          , Xv          , Xv          , Xv          , Xv          , Xv          , Xv          , Xv          , Xv          , Xv          , Xv          , Xv          , Xv          , Xv          , Xv          , Xv          , Xv          , Xv          
Xv          , Xv          , Xv          , Xv          , Xv          , Xv          , Xv          , Xv          , Xv          , Xv          , Xv          , Xv          , Xv          , Xv          , Xv          , Xv          , Xv          , Xv          , Xv          , Xv          , Xv          , Xv          , Xv          , Xv          , Xv          , Xv          , Xv          , Xv          , Xv          , Xv          , Xv          , Xv          , Xv          , Xv          , Xv          , Xv          , Xv          , Xv          , Xv          , Xv          , Xv          , Xv          , Xv          , Xv          , Xv          , Xv          , Xv          , Xv          , Xv          , Xv          , Xv          , Xv          , Xv          , Xv          , Xv          , Xv          , Xv          , Xv          , Xv          , Xv          , Xv          , 1 Xv        , Xv          , 2 Xv        , Xv          , 3 Xv        , Xv          , Xv          
Xv          , Xv          , Xv          , Xv          , Xv          , Xv          , Xv          , Xv          , Xv          , Xv          , Xv          , Xv          , Xv          , Xv          , Xv          , Xv          , Xv          , Xv          , Xv          , Xv          , Xv          , Xv          , Xv          , Xv          , Xv          , Xv          , Xv          , Xv          , Xv          , Xv          , Xv          , Xv          , Xv          , Xv          , Xv          , Xv          , Xv          , Xv          , Xv          , Xv          , Xv          , Xv          , Xv          , Xv          , Xv          , Xv          , Xv          , Xv          , Xv          , Xv          , Xv          , Xv          , Xv          , Xv          , Xv          , Xv          , Xv          , Xv          , Xv          , Xv          , Xv          , Xv          , Xv          , Xv          , Xv          , Xv          , Xv          , Xv          
Xv          , Xv          , Xv          , Xv          , Xv          , Xv          , Xv          , Xv          , Xv          , Xv          , Xv          , Xv          , Xv          , Xv          , Xv          , Xv          , Xv          , Xv          , Xv          , Xv          , Xv          , Xv          , Xv          , Xv          , Xv          , Xv          , Xv          , Xv          , Xv          , Xv          , Xv          , Xv          , Xv          , Xv          , Xv          , Xv          , Xv          , Xv          , Xv          , Xv          , Xv          , Xv          , Xv          , Xv          , Xv          , Xv          , Xv          , Xv          , Xv          , Xv          , Xv          , Xv          , Xv          , Xv          , Xv          , Xv          , Xv          , Xv          , Xv          , Xv          , Xv          , 6 Xv        , Xv          , 5 Xv        , Xv          , 4 Xv        , Xv          , Xv          
Xv          , Xv          , Xv          , Xv          , Xv          , Xv          , Xv          , Xv          , Xv          , Xv          , Xv          , Xv          , Xv          , Xv          , Xv          , Xv          , Xv          , Xv          , Xv          , Xv          , Xv          , Xv          , Xv          , Xv          , Xv          , Xv          , Xv          , Xv          , Xv          , Xv          , Xv          , Xv          , Xv          , Xv          , Xv          , Xv          , Xv          , Xv          , Xv          , Xv          , Xv          , Xv          , Xv          , Xv          , Xv          , Xv          , Xv          , Xv          , Xv          , Xv          , Xv          , Xv          , Xv          , Xv          , Xv          , Xv          , Xv          , Xv          , Xv          , Xv          , Xv          , Xv          , Xv          , Xv          , Xv          , Xv          , Xv          , Xv          
Xv          , Xv          , Xv          , Xv          , Xv          , Xv          , Xv          , Xv          , Xv          , Xv          , Xv          , Xv          , Xv          , Xv          , Xv          , Xv          , Xv          , Xv          , Xv          , Xv          , Xv          , Xv          , Xv          , Xv          , Xv          , Xv          , Xv          , Xv          , Xv          , Xv          , Xv          , Xv          , Xv          , Xv          , Xv          , Xv          , Xv          , Xv          , Xv          , Xv          , Xv          , Xv          , Xv          , Xv          , Xv          , Xv          , Xv          , Xv          , Xv          , Xv          , Xv          , Xv          , Xv          , Xv          , Xv          , Xv          , Xv          , Xv          , Xv          , Xv          , Xv          , Xv          , Xv          , Xv          , Xv          , Xv          , Xv          , Xv          
