Mm, Gg, Hh, Hh, Hh, Hh, Hh, Gg, Wo, Wo, Wo, Wo, Wo, Wo, Wo, Wo, Hh^Fmw, Mm, Mm, Mm, Hh^Fmw, Wo, Wo, Wo, Wo, Wo, Wo, Wo, Wo, Wo, Wo, Wo, Hh^Fmw, Mm, Mm, Mm, Mm, Mm, Mm, Mm^Xm, Mm, Hh, Hh, Re^Gvs, Re^Gvs, Gs, Rd, Rd, Gs, Gg, Hh
Mm, Mm, Mm, Hh, Hh, Hh, Hh, Gg^Vh, Wo, Wo, Wo, Wo, Wo, Wo, Wo, Wo, Wo, Hh, Gs, Gs, Wo, Wo, Wo, Wo, Wo, Wo, Wo, Wo, Wo, Wo, Wo, Gg, Hh^Fmw, Hh^Fmw, Hh^Fmw, Hh, Re^Gvs, Hh, Mm, Mm^Xm, Mm^Xm, Mm, Hh^Fmw, Re^Gvs, Rd, Rd, Gs^Fms, Gs, Hh, Hh, Hh
Mm, Mm, Mm, Hh, Re^Gvs, Gs^Fds, Re^Gvs, Re^Gvs, Wo, Wo, Wo, Wo, Wo, Wo, Wo, Wo, Wo, Wo, Wo, Wo, Wo, Wo, Wo, Wo, Wo, Wo, Wo, Wo, Wo, Wo, Wo, Wo, Wo, Gg, Wo, Re^Gvs, Re^Gvs, Gs^Vh, Hh^Fmw, Mm, Mm, Mm^Xm, Mm, Hh, Rd, Gs^Vh, Hh, Hh^Fp, Mm, Mm, Mm
Mm, Mm, Mm, Gs^Vh, Re^Gvs, Re^Gvs, Wo, Wo, Wo, Wo, Wo, Wo, Wo, Wo, Wo, Wo, Wo, Wo, Wo, Wo, Wo, Wo, Wo, Wo, Wo, Wo, Wo, Wo, Wo, Wo, Wo, Wo, Wo, Wo, Wo, Wo, Wo, Re^Gvs, Rd, Hh^Fp, Mm, Mm^Xm, Mm, Hh, Rd, Hh^Fmw, Mm, Mm, Mm, Mm^Xm, Mm^Xm
Mm, Mm, Hh, Hh, Gs, Gs, Wo, Wo, Wo, Wo, Wo, Wo, Wo, Wo, Wo, Wo, Wo, Wo, Wo, Wo, Wo, Wo, Wo, Wo, Wo, Wo, Wo, Wo, Wo, Wo, Wo, Wo, Wo, Wo, Wo, Wo, Wo, Gg, Rd, Hh^Fmw, Hh^Fp, Mm, Mm, Hh, Rd, Hh, Hh^Fp, Mm, Mm^Xm, Mm^Xm, Mm^Xm
Hh, Hh^Fmw, Re^Gvs, Gs, Rd, Wo, Wo, Wo, Wo, Wo, Wo, Wo, Wo, Wo, Wo, Wo, Wo, Wo, Wo, Wo, Wo, Wo, Re^Gvs, Wo, Gs, Wo, Wo, Wo, Wo, Wo, Wo, Wo, Wo, Wo, Wo, Wo, Hh^Fmw, Gg, Gg, Rd, Hh^Fp, Mm, Mm, Mm, Rd, Hh, Hh^Fmw, Mm, Mm, Mm^Xm, Mm^Xm
Hh, Hh, Re^Gvs, Gs, Gg, Rd^Vhc, Ww^Bw\, Wo, Wo, Wo, Wo, Wo, Hh^Fp, Wo, Wo, Wo, Hh^Fms, Wo, Gg, Re^Gvs, Re^Vda, Re^Gvs, Mm, Gs, Gs, Gs, Re^Gvs, Re^Gvs, Re^Vda, Rd, Rd, Hh, Rd, Hh, Hh^Fmw, Wo, Rd^Vh, Rd, Rd, Rd, Rd, Hh^Fmw, Re^Gvs, Re^Gvs, Re^Gvs, Hh, Hh, Mm, Mm, Mm^Xm, Mm
Hh^Fmw, Re^Gvs, Gg^Vh, Re^Gvs, Hh, Ww, Wo, Gg^Vh, Re^Gvs, Hh^Fmw, Re^Gvs, Hh^Fp, Hh^Fmw, Hh^Fms, Hh^Fms, Hh^Fmw, Hh^Fmw, Hh^Fmw, Rd, Re^Gvs, Hh^Fmw, Mm, Mm^Xm, Mm, Re^Gvs, Hh, Hh^Fmw, Hh^Fmw, Hh^Fp, Re^Gvs, Hh^Fmw, Hh^Fmw, Hh^Fp, Rd, Re^Gvs, Re^Gvs, Re^Gvs, Re^Gvs, Mm, Hh^Fmw, Hh^Fmw, Rd, Re^Gvs, Gs^Vh, Re^Gvs, Rd, Rd, Mm, Mm, Mm, Hh^Fp
Hh^Fmw, Hh^Fmw, Wo, Wo, Wo, Ww, Hh^Fmw, Hh^Fp, Re^Gvs, Hh^Fp, Rd^Vh, Re^Gvs, Rd, Rd, Rd, Gg, Rd, Rd, Gg, Hh^Fmw, Mm, Mm^Xm, Mm^Xm, Mm, Re^Vda, Hh, Mm, Mm, Mm^Xm, Hh^Fp, Mm^Xm, Mm, Mm, Hh^Fp, Mm, Mm, Mm^Xm, Mm, Mm, Hh^Fp, Rd, Rd, Hh, Hh, Hh, Gs, Re^Gvs, Rd, Re^Gvs, Rd, Rd
Wo, Wo, Wo, Wo, Wo, Wo, Wo, Hh^Fmw, Re^Gvs, Re^Gvs, Rd, Rd, Hh^Fmw, Hh^Fmw, Mm, Rd, Hh, Rd, Rd, Hh^Fmw, Hh^Fmw, Mm, Hh^Fmw, Re^Gvs, Mm, Mm, Mm, Mm^Xm, Mm, Mm^Xm, Mm, Mm^Xm, Mm^Xm, Mm^Xm, Mm^Xm, Mm^Xm, Mm, Mm, Rd, Rd, Hh^Fp, Hh^Fmw, Hh^Fp, Hh^Fp, Mm, Hh, Hh^Fmw, Gs^Vh, Hh, Hh, Hh
Wo, Wo, Wo, Wo, Hh^Fp, Hh, Wo, Wo, Gg^Vh, Rd, Mm, Mm, Mm^Xm, Mm, Mm^Xm, Mm, Mm, Hh^Fmw, Dd, Rd, Rd, Hh, Rd, Rd, Rd, Mm, Re^Gvs, Re^Vda, Re^Gvs, Mm, Hh^Fmw, Mm, Hh^Fp, Mm, Hh, Mm, Rd, Rd, Hh^Fmw, Hh^Fp, Mm, Mm, Mm, Mm, Mm, Mm, Hh^Fmw, Hh^Fp, Mm, Mm, Mm
Hh^Fp, Hh^Fmw, Wo, Wo, Hh^Fmw, Wo, Wo, Mm, Mm^Xm, Rd, Hh, Mm, Mm, Mm^Xm, Mm^Xm, Mm^Xm, Mm^Xm, Mm, Mm, Hd, Dd^Vda, Rd, Dd, Hd, Hd, Rd, Hd, Re^Gvs, Dd, Rd, Rd, Hh^Fmw, Re^Gvs, Re^Vh, Re^Gvs, Rd, Re^Gvs, Re^Gvs, Hh^Fmw, Hh^Fmw, Mm, Mm^Xm, Mm^Xm, Mm^Xm, Mm^Xm, Mm^Xm, Mm, Mm, Mm, Mm^Xm, Mm^Xm
Wo, Wo, Wo, Wo, Wo, Wo, Wo, Mm, Mm^Xm, Rd, Rd, Hh^Fmw, Hh^Fmw, Mm, Mm, Mm^Xm, Mm^Xm, Mm, Mm, Hd, Hh, Rd, Dd, Hd, Hh^Fmw, Hh^Fmw, Mm, Hh, Hh^Fmw, Dd, Hh^Fmw, Rd, Rd, Re^Gvs, Mm, Mm, Hh, Hh^Fmw, Mm, Mm, Mm, Mm^Xm, Mm, Mm, Hh^Fp, Mm, Mm, Mm, Mm, Mm, Mm
Wo, Wo, Wo, Wo, Hh^Fp, Hh, Wo, Hh^Fmw, Re^Gvs, Mm^Xm, Mm^Xm, Rd, Rd, Hh, Hd, Mm, Hd, Mm, Ww, Ww, Dd^Do, Rd, Dd, Hh, Mm, Mm^Xm, Mm^Xm, Mm^Xm, Mm^Xm, Mm, Mm, Gs^Vh, Hh^Fmw, Rd, Rd, Mm, Gs^Vh, Hh, Wo, Mm, Hh^Fmw, Hh^Fp, Hh^Fmw, Hh^Fp, Wwf, Gs, Hh, Hh^Fp, Hh, Hh^Fp, Hh
Wo, Wo, Wo, Wo, Wo, Wo, Wo, Wo, Gg^Vh, Re^Gvs, Mm, Mm^Xm, Mm, Rd, Rd, Hd, Rd, Hd, Hd, Ww, Hh, Rd, Rd, Dd, Dd, Mm, Hh^Fmw, Mm, Mm, Mm^Xm, Mm^Xm, Mm, Mm, Hh^Fp, Hh, Rd, Re^Gvs, Ww, Gs^Fp, Hh^Fp, Hh^Fp, Hh^Fmw, Mm, Mm, Dd, Wwf, Ww^Bw/, Hh, Hd, Hh, Ww
Hh^Fmw, Wo, Wo, Wo, Wo, Wo, Wo, Wo, Hh, Hh^Fmw, Re^Gvs, Mm, Re^Gvs, Re^Gvs, Gg, Rd, Ww, Rd, Rd, Hh, Rd, Rd, Hh^Fmw, Rd, Rd, Rd, Rd, Hh^Fmw, Gs, Hd, Hh^Fmw, Mm, Mm, Mm, Mm, Rd, Re^Gvs, Wo^Bw\, Rd, Gs^Fp, Hh^Fp, Hh^Fmw, Hh^Fmw, Mm, Hh^Fmw, Dd^Vda, Re^Gvs, Ww, Hd, Hd, Hh
Hh^Fp, Hh, Wo, Wo, Wo, Hh^Fp, Wo, Hh, Wo, Wo, Wo, Gg^Vh, Re^Gvs, Re^Gvs, Wo, Wo, Wo, Wo, Hh^Fmw, Rd, Rd^Vda, Re^Gvs, Re^Gvs, Hh^Fmw, Re^Gvs, Hh^Fmw, Ww, Rd, Dd^Vda, Re^Gvs, Ww, Hh^Fp, Ww, Mm, Hh, Rd, Dd, Ww, Mm, Rd, Rd, Rd, Rd, Hh^Fmw, Hh, Re^Gvs, Dd, Ww, Hh, Hh^Fmw, Hh
Wo, Wo, Wo, Wo, Wo, Hh^Fmw, Wo, Wo, Hh^Fmw, Wo, Wo, Wo, Wo, Wo, Wo, Wo, Wo, Wo, Wo, Hh^Fmw, Gs, Re^Gvs, Re^Gvs, Re^Gvs, Hh^Fmw, Ww, Wo, Wo, Wo, Wo, Wo, Wo, Wo, Ww, Re^Gvs, Rd, Hd, Wo, Mm^Xm, Mm^Xm, Hh^Fp, Hh^Fmw, Hh, Rd, Rd, Re, Dd, Wo, Wo, Hd, Hd
Wo, Wo, Wo, Wo, Wo, Wo, Wo, Hh^Fp, Wo, Wo, Wo, Wo, Wo, Wo, Wo, Wo, Wo, Wo, Wo, Wo, Wo, Gs, Wo, Dd^Vda, Wo, Wo, Wo, Wo, Wo, Wo, Wo, Wo, Wo, Wo, Dd^Vda, Rd, Hd, Wo, Wo, Wo, Ww, Hh^Fmw, Rd, Rd, Re^Gvs, Rd, Rd, Dd, Dd, Wo, Ww
Wo, Wo, Wo, Wo, Wo, Wo, Wo, Wo, Wo, Wo, Wo, Wo, Wo, Wo, Wo, Wo, Wo, Wo, Wo, Wo, Wo, Wo, Wo, Wo, Wo, Wo, Wo, Wo, Wo, Wo, Wo, Wo, Wo, Wo, Gs^Ft, Rd, Rd, Hd, Rd, Hd, Rd, Wo^Bw/, Hd, Hd, Dd^Vda, Re^Gvs, Re, Rd, Re, Re^Gvs, Ww^Bw/
Wo, Wo, Wo, Wo, Wo, Wo, Wo, Wo, Wo, Wo, Wo, Wo, Wo, Wo, Wo, Wo, Wo, Wo, Wo, Wo, Wo, Wo, Wo, Wo, Wo, Wo, Wo, Wo, Wo, Wo, Wo, Wo, Wo, Wo, Gs^Ft, Dd^Do, Rd, Rd, Mm^Xm, Rd, Mm^Xm, Ww, Wo, Md^Xm, Md^Xm, Hd, Dd, Rd, Rd, Dd^Vda, Ww
Hh, Wo, Wo, Wo, Re^Gvs, Wo, Gs, Wo, Wo, Wo, Wo, Wo, Wo, Wo, Wo, Wo, Wo, Wo, Wo, Wo, Wo, Wo, Ww, Ww, Wwr, Wwr, Hh, Gs, Ww, Wo, Wo, Wo, Wo, Wo, Re^Gvs, Gs^Ft, Rd, Hh, Re^Gvs, Mm^Xm, Hh, Hh, Wo, Hd, Md^Xm, Md^Xm, Hd, Dd, Rd, Dd, Wo
Hh^Fmw, Hh, Dd^Vda, Re^Gvs, Mm, Hh, Dd, Re^Gvs, Re^Gvs, Re^Gvs, Wo, Wo, Wo, Wo, Wo, Wo, Wo, Wo, Wo, Wo, Gs, Gs, Hh^Fmw, Dd, Dd, Re^Gvs, Dd^Vda, Re^Gvs, Wo, Wo, Wo, Wo, Wo, Wo, Dd^Vda, Re^Gvs, Rd, Hh, Re^Gvs, Dd^Vda, Dd, Dd, Dd, Wo, Wo, Md^Xm, Dd, Dd, Rd, Dd, Wo
Hh^Fmw, Mm, Mm, Mm, Hh^Fmw, Hh^Fmw, Dd, Hh^Fmw, Re^Gvs, Dd^Vda, Wo, Wo, Wo, Wo, Wo, Wo, Wo, Wo, Wo, Wo, Gs^Fp, Dd^Do, Dd^Vda, Mm, Mm, Mm, Re^Gvs, Ww, Wo, Wo, Wo, Wo, Wo, Wo, Hh^Fmw, Hh^Fmw, Rd, Re, Dd, Dd, Ds, Dd, Ds, Dd, Dd, Wo, Dd, Dd^Vda, Rd, Hd, Hd
Wo, Hh^Fmw, Wo, Hh^Fmw, Wo, Hh^Fmw, Wo, Re^Gvs, Wo, Wo, Wo, Wo, Wo, Wo, Wo, Wo, Wo, Wo, Wo, Wo, Wo, Re^Gvs, Wo, Re^Gvs, Wo, Ww, Wo, Wo, Wo, Wo, Wo, Wo, Wo, Ww, Rd, Rd, Hd, Dd^Vda, Dd, Ds, Hd, Hd, Hd, Ds, Dd, Wo, Wo, Re, Rd, Hd, Md
Wo, Wo, Wo, Wo, Wo, Wo, Wo, Wo, Wo, Wo, Wo, Wo, Wo, Wo, Wo, Wo, Wo, Wo, Wo, Wo, Wo, Wo, Wo, Wo, Wo, Wo, Wo, Wo, Wo, Wo, Wo, Wo, Ww, Dd, Rd, Mm, Hd, Hd, Dd, Dd, Hd, Md^Xm, Md, Hd, Dd, Dd, Dd, Ww, Ww^Bw|, Dd, Dd
Wo, Wo, Wo, Wo, Wo, Wo, Wo, Wo, Wo, Wo, Wo, Wo, Wo, Wo, Wo, Wo, Wo, Wo, Wo, Wo, Wo, Wo, Wo, Wo, Wo, Wo, Wo, Wo, Wo, Wo, Wo, Wo, Dd^Do, Gs^Ft, Rd, Hh^Fmw, Gs, Dd, Dd, Dd, Hd, Md^Xm, Md^Xm, Hh, Hh, Dd, Dd^Dc, Dd, Rd, Ww, Ww
Wo, Wo, Wo, Wo, Wo, Wo, Wo, Wo, Wo, Wo, Wo, Wo, Wo, Wo, Wo, Wo, Wo, Wo, Wo, Wo, Wo, Wo, Wo, Wo, Wo, Wo, Wo, Wo, Wo, Wo, Wo, Dd^Vda, Gs, Gs^Ft, Rd, Gs^Ft, Ww, Gs, Dd, Dd, Hd, Md, Md^Xm, Hd^Ft, Ds, Dd, Dd, Dd, Rd, Rd, Dd
Wo, Wo, Wo, Wo, Wo, Wo, Wo, Wo, Wo, Wo, Wo, Wo, Wo, Wo, Wo, Wo, Wo, Wo, Wo, Wo, Wo, Wo, Wo, Wo, Wo, Wo, Wo, Wo, Wo, Wo, Wo, Gs, Rd, Rd, Dd^Vda, Dd^Do, Ww, Hh^Fmw, Dd, Ds, Gs^Ft, Md, Md^Xm, Hd, Md, Hd, Hd, Dd, Rd, Dd^Vda, Dd
Wo, Wo, Wo, Wo, Wo, Wo, Wo, Wo, Dd, Wo, Wo, Wo, Dd, Wo, Wo, Wo, Wo, Wo, Wo, Wo, Wo, Wo, Wo, Wo, Wo, Wo, Wo, Wo, Wo, Wo, Wo, Hd, Rd, Re, Md^Xm, Ww, Hh^Fmw, Hh^Fmw, Dd, Ds, Dd^Do, Hd^Ft, Md, Md^Xm, Md^Xm, Md, Md, Hd, Dd, Rd, Dd
Wo, Wo, Wo, Wo, Wo, Wo, Gs, Dd, Re^Gvs, Dd^Vda, Dd, Dd, Hd, Dd, Gs, Wo, Wo, Wo, Ww, Wo, Ww, Wo, Hd, Wo, Hd, Wo, Dd, Wo, Dd^Vda, Wo, Ww, Hd, Rd, Md, Md^Xm, Md^Xm, Dd^Dc, Dd, Hd, Hd, Hd, Gs, Md, Md^Xm, Md^Xm, Md^Xm, Hd, Hd, Hd, Rd, Dd
Wo, Wo, Wo, Wo, Dd^Vda, Gs, Re^Gvs, Gs, Rd, Rd, Rd, Hd, Hd, Hd, Rd, Rd, Rd, Rd, Rd, Ww, Hd, Hd, Rd, Hd, Rd, Dd, Hd, Re^Gvs, Rd, Rd, Rd, Wo^Bw/, Hd, Rd, Rd, Dd, Dd, Ds, Hd, Hd, Md^Xm, Md, Md^Xm, Md^Xm, Hd, Hd, Hd, Hd, Hd, Rd, Dd
Wo, Wo, Ww, Ww, Ww, Re^Gvs, Re^Gvs, Rd, Re^Gvs, Re, Dd, Rd, Rd, Rd, Gs, Dd^Do, Gs, Dd, Dd, Wo^Bw\, Rd, Rd, Dd^Vda, Rd, Hd, Rd, Rd, Rd, Re, Re, Ww, Ww, Hd, Dd^Dc, Dd, Rd, Rd, Dd, Hd, Md, Md, Md^Xm, Hd, Hd, Dd^Do, Gs, Dd, Hd, Rd, Rd, Dd
Gs^Ft, Gs^Ft, Ww, Dd^Do, Ww, Gs^Ft, Rd, Rd, Re^Gvs, Re^Gvs, Hd, Dd, Rd, Dd, Ds, Gs, Hh, Ds, Dd, Ww, Wo, Hd, Md, Md, Md, Rd, Dd^Do, Hd^Ft, Hd, Dd, Wo, Dd, Ds, Ds, Hd, Dd, Re, Rd, Re, Hd, Dd, Ds, Dd, Gs^Ft, Rd^Ft, Rd, Rd, Rd, Dd, Dd, Ww
Gs, Dd^Vda, Ww^Bw\, Ww, Gs^Ft, Gs^Ft, Rd, Re, Dd^Vda, Hh, Hd, Dd, Rd, Dd, Dd, Hh, Hh, Dd, Wo, Wo, Wo, Wo, Hd, Md^Xm, Dd, Rd, Rd, Hd^Ft, Hd, Wo, Dd, Dd, Dd, Md^Xm, Md^Xm, Dd, Dd, Rd, Rd, Dd, Rd, Dd, Rd, Dd, Rd, Rd, Dd, Dd, Hh, Hh, Dd
Dd, Gs, Ww, Rd, Rd, Rd, Rd, Dd, Dd, Hd, Ds, Dd, Rd, Dd, Re, Dd, Dd, Dd, Wo, Wo, Wo, Wo, Dd, Md^Xm, Ds, Dd, Rd, Dd^Vda, Dd^Ft, Wo, Dd, Dd, Hd, Md^Xm, Dd, Ds, Dd^Do, Dd, Rd, Rd, Dd, Rd, Dd, Rd, Re, Rd, Rd, Hh, Re, Hh, Rd
Dd, Gs^Ft, Wo, Dd^Vda, Dd, Dd, Re, Rd, Dd, Ds, Dd, Dd, Dd, Rd, Rd, Dd^Vda, Dd, Dd, Wo, Wo, Wo, Wo, Wo, Dd, Md^Xm, Dd, Rd, Dd^Ft, Wo, Wo, Hd, Ds, Hd, Dd, Re^Gvs, Re^Gvs, Re^Gvs, Rd, Re, Dd, Hd, Hd, Hd, Dd^Vda, Ds, Dd, Dd, Rd, Dd^Vda, Re^Gvs, Dd
Dd, Gs^Ft, Wo, Gs, Hd, Hd, Re, Rd, Dd, Dd, Dd^Do, Ds^Ft, Hh, Dd, Re, Rd, Rd, Dd, Dd, Wo, Wo, Wo, Wo, Hd, Md, Hd, Rd, Ww, Re, Hd, Md^Xm, Md^Xm, Hh, Hh, Re^Gvs, Rd^Vda, Rd, Rd, Dd, Dd, Hd, Md, Md, Hd, Hh, Dd^Ft, Dd^Do, Re, Re^Gvs, Hh, Dd
Dd, Re^Gvs, Wo, Gs^Ft, Hd, Hd, Dd^Dc, Rd, Dd, Dd, Dd, Hh^Ft, Hh, Dd, Dd, Re, Dd, Rd, Dd, Wo, Wo, Wo, Wo, Hd, Hd, Hd, Ww, Wo^Bw\, Rd, Hd, Hd, Md^Xm, Hh, Dd^Do, Re^Gvs, Re, Rd, Rd, Dd^Dc, Dd, Hh, Hd, Md^Xm, Hd, Hh, Dd^Ft, Dd, Rd, Re, Dd, Dd
Dd, Re^Gvs, Re^Gvs, Wo, Wo, Hh, Dd, Rd, Dd, Dd, Ds, Ds, Hd, Hd, Hd, Hd, Hd, Rd, Dd, Wo, Wo, Wo, Wo, Wo, Wo, Dd, Wo, Dd^Ft, Dd^Ft, Rd, Rd, Hd, Hh, Hd^Ft, Md, Dd, Dd, Rd, Dd, Dd, Hh, Hh, Md, Md^Xm, Hd, Dd, Rd, Rd, Hd, Hd, Hd
Dd, Dd, Ds, Gs^Ft, Wo, Hh, Dd^Vda, Rd, Rd, Dd, Dd, Hd, Md, Md, Md^Xm, Md, Hd, Rd, Rd, Dd, Wo, Wo, Wo, Wo, Wo, Wo, Wo, Wo, Wo, Dd^Vda, Rd, Re, Hd, Md, Md^Xm, Hd, Hd, Rd, Re, Dd, Ds, Hd, Md, Md^Xm, Hd, Dd, Rd, Dd, Hd, Md, Md
Dd, Dd, Dd, Gs^Ft, Wo, Dd, Hh, Re, Rd, Dd, Dd, Hd, Hd, Md^Xm, Md^Xm, Md, Hh, Hh, Rd, Dd, Wo, Wo, Wo, Wo, Wo, Wo, Wo, Wo, Wo, Dd, Dd, Rd, Rd, Hd, Hd, Md^Xm, Hd, Rd, Dd^Vda, Dd, Dd, Hd, Md^Xm, Md^Xm, Md, Dd^Vda, Rd, Dd, Hd, Md, Md
Hd, Hd, Hd, Dd, Wo, Hh, Hh, Hh, Rd, Rd, Rd, Dd, Hd, Md, Hd, Hd, Hh, Hh, Rd, Dd^Vda, Dd, Wo, Wo, Wo, Wo, Wo, Wo, Wo, Wo, Wo, Wo, Dd, Rd, Dd, Hh, Hh, Dd, Rd, Re, Re, Dd, Hd, Hd, Md^Xm, Md^Xm, Hd, Re, Rd, Dd, Hd, Hd
Md, Md, Hd, Dd, Gs^Ft, Ww, Rd, Rd, Dd, Dd^Dc, Rd, Dd, Dd^Vda, Re, Rd, Rd, Rd, Rd, Re, Re, Dd, Wo, Wo, Wo, Wo, Wo, Wo, Wo, Wo, Wo, Wo, Dd^Vda, Re, Rd, Rd, Hh, Rd, Rd, Hd, Dd, Hh, Hh, Hd, Hd, Md, Hd, Dd^Vda, Rd, Rd, Dd, Dd
Md, Md, Dd, Dd, Rd, Wo^Bw/, Hh, Hh, Hh, Dd, Dd, Rd, Rd, Rd, Dd, Dd, Dd, Dd, Dd, Dd, Dd, Wo, Wo, Wo, Wo, Wo, Wo, Wo, Wo, Wo, Wo, Dd^Ft, Dd^Ft, Dd, Dd, Rd, Hd, Hd, Hh, Dd, Dd, Hh, Hd, Md, Md, Hd, Dd, Dd, Dd, Rd, Dd
Dd^_fme, Dd^_fme, Dd^_fme, Dd^_fme, Rd^_fme, Wo^_fme, Hh^_fme, Hh^_fme, Hh^_fme, Dd^_fme, Dd^_fme, Dd^_fme, Dd^_fme, Dd^_fme, Dd^_fme, Dd^_fme, Dd^_fme, Dd^_fme, Dd^_fme, Dd^_fme, Dd^_fme, Wo^_fme, Wo^_fme, Wo^_fme, Wo^_fme, Wo^_fme, Wo^_fme, Wo^_fme, Wo^_fme, Wo^_fme, Wo^_fme, Dd^_fme, Dd^_fme, Dd^_fme, Dd^_fme, Dd^_fme, Dd^_fme, Dd^_fme, Dd^_fme, Dd^_fme, Dd^_fme, Dd^_fme, Md^_fme, Md^Xm, Dd^Qhux, Dd^Qhux, Dd^Qhux, Dd^Qhux, Dd^Qhux, Dd^Qhux, Rrd^Qhux
Xv^_fme, Xv^_fme, Xv^_fme, Xv^_fme, Xv^_fme, Xv^_fme, Xv^_fme, Xv^_fme, Xv^_fme, Xv^_fme, Xv^_fme, Xv^_fme, Xv^_fme, Xv^_fme, Xv^_fme, Xv^_fme, Xv^_fme, Xv^_fme, Xv^_fme, Xv^_fme, Xv^_fme, Wo^_fme, Xv^_fme, Wo^_fme, Xv^_fme, Wo^_fme, Xv^_fme, Wo^_fme, Xv^_fme, Wo^_fme, Xv^_fme, Xv^_fme, Xv^_fme, Xv^_fme, Xv^_fme, Xv^_fme, Xv^_fme, Xv^_fme, Xv^_fme, Xv^_fme, Xv^_fme, Xv^_fme, Rrd^_fme, Dd^Qhux, 1 Dd, Dd^Qhux, 2 Dd, Dd^Qhux, 3 Dd, Dd^Qhux, Rrd^Qhux
Xv^_fme, Xv^_fme, Xv^_fme, Xv^_fme, Xv^_fme, Xv^_fme, Xv^_fme, Xv^_fme, Xv^_fme, Xv^_fme, Xv^_fme, Xv^_fme, Xv^_fme, Xv^_fme, Xv^_fme, Xv^_fme, Xv^_fme, Xv^_fme, Xv^_fme, Xv^_fme, Xv^_fme, Xv^_fme, Xv^_fme, Xv^_fme, Xv^_fme, Xv^_fme, Xv^_fme, Xv^_fme, Xv^_fme, Xv^_fme, Xv^_fme, Xv^_fme, Xv^_fme, Xv^_fme, Xv^_fme, Xv^_fme, Xv^_fme, Xv^_fme, Xv^_fme, Xv^_fme, Xv^_fme, Xv^_fme, Rrd^_fme, Dd^Qhux, Dd^Qhux, Dd^Qhux, Dd^Qhux, Dd^Qhux, Dd^Qhux, Dd^Qhux, Rrd^Qhux
Xv^_fme, Xv^_fme, Xv^_fme, Xv^_fme, Xv^_fme, Xv^_fme, Xv^_fme, Xv^_fme, Xv^_fme, Xv^_fme, Xv^_fme, Xv^_fme, Xv^_fme, Xv^_fme, Xv^_fme, Xv^_fme, Xv^_fme, Xv^_fme, Xv^_fme, Xv^_fme, Xv^_fme, Xv^_fme, Xv^_fme, Xv^_fme, Xv^_fme, Xv^_fme, Xv^_fme, Xv^_fme, Xv^_fme, Xv^_fme, Xv^_fme, Xv^_fme, Xv^_fme, Xv^_fme, Xv^_fme, Xv^_fme, Xv^_fme, Xv^_fme, Xv^_fme, Xv^_fme, Xv^_fme, Xv^_fme, Rrd^_fme, Dd^Qhux, 4 Dd, 8 Dd^Qhux, 5 Dd, 9 Dd^Qhux, 6 Dd, Dd^Qhux, Rrd^Qhux
Xv^_fme, Xv^_fme, Xv^_fme, Xv^_fme, Xv^_fme, Xv^_fme, Xv^_fme, Xv^_fme, Xv^_fme, Xv^_fme, Xv^_fme, Xv^_fme, Xv^_fme, Xv^_fme, Xv^_fme, Xv^_fme, Xv^_fme, Xv^_fme, Xv^_fme, Xv^_fme, Xv^_fme, Xv^_fme, Xv^_fme, Xv^_fme, Xv^_fme, Xv^_fme, Xv^_fme, Xv^_fme, Xv^_fme, Xv^_fme, Xv^_fme, Xv^_fme, Xv^_fme, Xv^_fme, Xv^_fme, Xv^_fme, Xv^_fme, Xv^_fme, Xv^_fme, Xv^_fme, Xv^_fme, Xv^_fme, Rrd^_fme, Dd^Qhux, Dd^Qhux, Dd^Qhux, Dd^Qhux, Dd^Qhux, Dd^Qhux, Dd^Qhux, Rrd^Qhux
Xv^_fme, Xv^_fme, Xv^_fme, Xv^_fme, Xv^_fme, Xv^_fme, Xv^_fme, Xv^_fme, Xv^_fme, Xv^_fme, Xv^_fme, Xv^_fme, Xv^_fme, Xv^_fme, Xv^_fme, Xv^_fme, Xv^_fme, Xv^_fme, Xv^_fme, Xv^_fme, Xv^_fme, Xv^_fme, Xv^_fme, Xv^_fme, Xv^_fme, Xv^_fme, Xv^_fme, Xv^_fme, Xv^_fme, Xv^_fme, Xv^_fme, Xv^_fme, Xv^_fme, Xv^_fme, Xv^_fme, Xv^_fme, Xv^_fme, Xv^_fme, Xv^_fme, Xv^_fme, Xv^_fme, Xv^_fme, Xv^Qhux, Dd^Qhux, Dd^Qhux, Dd^Qhux, Dd^Qhux, Dd^Qhux, Dd^Qhux, Dd^Qhux, Rrd^Qhux
