Wo, Wo, Wo, Wo, Wo, Wo, Wo, Wo, Wo, Wo, Wo, Wo, Wo, Wo, Wo, Wo, Wo, Wo, Wo, Wo, Wo, Wo, Wo, Wo, Wo, Wo, Wo, Wo, Wo, Wo, Wo, Wo, Wo, Wo, Wo, Wo, Wo, Wo, Wo, Wo, Wo, Wo, Wo, Wo, Wo, Wo, Wo, Wo, Wo, Wo, Wo, Wo, Wo, Wo, Wo, Wo, Wo, Wo, Wo, Wo, Wo, Wo, Wo, Wo, Wo, Wo
Wo, Wo, Wo, Wo, Wo, Wo, Wo, Wo, Wo, Wo, Wo, Wo, Wo, Wo, Wo, Wo, Wo, Wo, Wo, Wo, Wo, Wo, Wwr, Wo, Wo, Wo, Wo, Wo, Wo, Wo, Wo, Wo, Wo, Wo, Wwr, Wo, Wo, Wo, Wo, Wo, Wo, Wo, Wo, Wo, Wo, Wo, Wo, Wo, Wo, Wo, Wo, Wo, Wo, Wo, Wo, Wo, Wo, Wo, Wwr, Wo, Wo, Wo, Wo, Wo, Wo, Wo
Wo, Wo, Wo, Wo, Wo, Wo, Wo, Wo, Wo, Wo, Wo, Wo, Wo, Wo, Wo, Wo, Wo, Wo, Wo, Wo, Wo, Wo, Wo, Wo, Wo, Wo, Wo, Wo, Wwr, Wo, Wo, Wo, Wo, Wwr, Wwr, Wo, Wo, Wo, Wo, Wo, Wo, Wo, Wo, Wo, Wo, Wo, Wo, Wo, Wo, Wo, Wo, Wo, Wo, Wo, Wo, Wo, Wo, Wo, Wwr, Wwr, Wo, Wo, Wo, Wo, Wo, Wo
Wo, Wo, Wo, Wo, Wo, Wo, Wo, Wo, Wo, Wo, Wo, Wo, Wo, Wo, Wo, Wo, Wo, Wo, Wo, Wo, Wo, Wo, Wo, Wo, Ds, Gg^Vh, Gg, Ds, Hh, Wwr, Wo, Wo, Wo, Wo, Wo, Wo, Wo, Wwr, Wo, Wo, Wo, Wo, Wwr, Wo, Wo, Wo, Wo, Wo, Wo, Wo, Wo, Wo, Wo, Wo, Wo, Wo, Wo, Wo, Wwr, Wwr, Wwr, Wo, Wo, Wo, Wo, Wo
Wo, Wo, Wo, Wo, Wo, Wo, Wo, Wo, Wo, Wo, Wo, Wo, Wo, Wo, Wo, Wo, Wo, Wo, Wo, Wo, Wo, Wo, Wo, Wo, Ds, Gs, Gg, Gs^Ft, Gs, Hh, Ds, Wo, Wo, Wo, Hh, Hh, Gg, Wo, Gg^Vh, Ds, Ds, Wo, Gg^Vh, Wo, Wo, Wo, Wo, Wwr, Wo, Wo, Wo, Wo, Wo, Wo, Wo, Wo, Wo, Wo, Wwr, Wwr, Wwr, Wwr, Wwr, Wo, Wo, Wo
Wo, Wo, Wo, Wo, Wo, Wo, Wo, Wo, Wo, Wo, Wo, Wo, Wo, Wo, Wo, Wo, Wo, Wo, Wo, Wo, Wo, Wo, Wo, Wo, Ds, Gs^Ft, Gs, Rd, Rd, Hh, Gs, Ds, Gg^Vh, Hh, Mm, Gg, Gs, Hh, Gs, Gs, Gs, Gs, Wo, Wo, Wo, Wo, Wo, Wwr, Wo, Wo, Wo, Wo, Wo, Wo, Wo, Wo, Wo, Wo, Wo, Wwr, Wo, Wwr, Wo, Wo, Wo, Wo
Wo, Wo, Wo, Wo, Wo, Wo, Wo, Wo, Wo, Wo, Gg^Vh, Wo, Wo, Wo, Wo, Wo, Wo, Wo, Wo, Wo, Wo, Wo, Ds, Ds, Gg, Gs, Hh, Gg, Gg^Vh, Rd, Rd, Rd, Rd, Hh, Gs, Gs, Gs, Gg, Gg, Gs, Gg, Wo, Wo, Wo, Wo, Wo, Wo, Wo, Wo, Wo, Wo, Wo, Wo, Wo, Wo, Wo, Wo, Wo, Wo, Wo, Wo, Wo, Wo, Wo, Wo, Wo
Wo, Wo, Wo, Wo, Wo, Wo, Wo, Wo, Wo, Ds, Gg, Gg, Gs^Ft, Wo, Wo, Wo, Wo, Wo, Wo, Wo, Wo, Wo, Gs^Ft, Gs^Ft, Gg, Hh, Gs^Ft, Gs, Gs^Ft, Gg, Hh, Gs, Gs, Rd, Rd, Gg, Gg, Gs^Ft, Gs^Ft, Gg, Gs^Ft, Wo, Wo, Wo, Wo, Wo, Wo, Wo, Wo, Wo, Wo, Wo, Wwr, Wo, Wo, Wo, Wo, Wo, Wo, Wo, Wo, Wo, Wo, Wo, Wo, Wo
Wo, Wo, Wo, Wo, Wo, Wo, Wo, Wo, Wo, Ds, Gs, Gs, Gs, Ds, Ds, Wo, Wo, Wwr, Gg^Vh, Wo, Gs, Gg, Gs^Ft, Gs^Ft, Hh, Hh, Hh, Gs^Ft, Gs^Ft, Gs^Ft, Hh, Hh, Gs^Ft, Gg^Vh, Gg, Rd, Gg, Gs^Ft, Gs^Ft, Gs^Ft, Gs^Ft, Gg, Ds, Wo, Wo, Wo, Wo, Wo, Wo, Wo, Wo, Wwr, Wo, Wo, Wo, Wo, Wo, Wo, Wo, Wo, Wo, Wo, Wo, Wo, Wo, Wo
Wo, Wo, Wo, Wo, Wo, Wo, Wo, Wo, Wo, Re^Gvs, Re^Gvs, Gs, Rd, Gs^Ft, Gs^Ft, Ds, Gs, Gs, Gg, Gs, Gs, Gs^Ft, Hh, Mm, Mm, Hh, Mm, Hh, Hh, Hh, Hh, Mm, Gs^Ft, Gs^Ft, Gg, Rd, Gs^Ft, Gs, Gs^Ft, Gs^Ft, Gs^Ft, Gs^Ft, Gg^Vh, Ds, Gg, Wo, Gg^Vh, Wo, Wo, Wo, Wo, Wo, Wo, Wo, Wo, Wo, Wo, Wo, Wo, Wo, Wo, Wo, Wo, Wo, Wo, Wo
Wo, Wo, Wo, Wo, Wo, Wo, Ds, Wo, Gg, Gs^Ft, Gs^Ft, Gg^Vh, Rd, Gs, Gs, Gs, Gs, Gg, Re^Gvs, Gs, Gg, Gs^Ft, Hh, Mm, Mm^Xm, Hh, Mm^Xm, Mm^Xm, Mm^Xm, Mm, Mm, Hh, Hh, Gs^Ft, Gs, Rd, Gg^Vh, Gs^Ft, Gs^Ft, Gs^Ft, Gs^Ft, Gs^Ft, Gs, Gg, Gg, Gs^Ft, Gg, Ds, Wo, Wo, Wo, Wo, Wo, Wo, Wo, Wo, Wo, Wo, Wo, Wo, Wo, Wo, Wo, Wo, Wo, Wo
Wo, Wo, Wo, Wo, Wo, Wo, Wwr, Gg, Gs, Gs^Ft, Gs^Ft, Gs, Gs, Rd, Rd, Gs, Gs, Gs^Ft, Gs^Ft, Gg, Hh, Hh, Mm^Xm, Mm, Mm, Hh, Mm, Mm, Hh^Vhh, Mm, Mm^Xm, Hh, Gs, Gs, Gs, Rd, Gs^Ft, Gs^Ft, Gs^Ft, Gs^Ft, Gs^Ft, Gs, Gs^Ft, Gs^Ft, Gs^Ft, Gs^Ft, Gg, Ds, Ds, Wo, Wo, Wo, Wo, Wo, Wwr, Wo, Wo, Wo, Wo, Wo, Wo, Wo, Wo, Wo, Wo, Wo
Wo, Wo, Wo, Wo, Wo, Wo, Wo, Gg^Vh, Gs, Gs, Gs^Ft, Gs, Gs, Gg, Re^Gvs, Rd, Rd, Gs^Ft, Gs, Gs, Gg, Mm^Xm, Hh^Vhh, Re, Hh, Mm, Mm^Xm, Re, Wo, Mm, Mm^Xm, Hh, Hh, Gs, Gg, Rd, Gs^Ft, Gs^Ft, Gs^Ft, Gs^Ft, Gs^Ft, Gs^Ft, Gs^Ft, Gs^Ft, Gs^Ft, Gg, Gs, Gs, Wo, Wo, Wo, Wo, Wo, Wo, Wo, Wo, Wo, Wo, Wo, Wo, Wo, Wo, Wo, Wo, Wo, Wo
Wo, Wo, Wo, Wo, Wo, Wo, Wo, Wo, Ds, Gs, Re^Gvs, Gs^Ft, Gg, Re^Gvs, Re^Gvs, Gg^Vh, Rd, Gg, Re, Gs, Wo, Wo, Wo, Hh, Mm^Xm, Mm, Wo, Wo, Wo, Hh, Mm, Mm, Hh, Hh, Gg, Rd, Rd, Gs^Ft, Gg^Vh, Gs^Ft, Gs^Ft, Gs^Ft, Gs^Ft, Gs^Ft, Gs^Ft, Gs^Ft, Gs, Gs, Wo, Wo, Wo, Wo, Wo, Wo, Wo, Wo, Wo, Wo, Wo, Wo, Wo, Wo, Wo, Wo, Wo, Wo
Wo, Wo, Wo, Wwr, Wo, Wo, Wo, Wo, Wo, Gg, Re^Gvs, Gg, Gs, Gs^Ft, Gg, Gs^Ft, Re, Rd, Wo^Bw\, Wo, Re, Re, Mm, Mm, Hh^Vhh, Re, Wo, Wo, Wo, Wo, Mm^Xm, Mm, Hh, Gg, Gs, Gs^Ft, Gs, Rd, Rd, Gg, Gs^Ft, Gs^Ft, Gs, Gg^Vh, Gg, Gs^Ft, Gg, Gg, Gg, Wo, Ds, Wo, Wo, Wo, Wo, Wo, Wo, Wo, Wo, Wo, Wo, Wo, Wo, Wo, Wo, Wo
Wo, Wo, Wo, Wo, Wo, Wo, Wo, Wo, Wo, Ss, Ss, Gg, Gs, Gs, Wo, Re, Wo, Wo, Re, Rd, Rd, Re, Hh, Mm^Xm, Mm^Xm, Hh, Mm^Xm, Wo, Wo, Wo, Hh, Gg, Gg, Gs^Ft, Re^Gvs, Gs, Gs^Ft, Gg, Rd, Gs^Ft, Gs^Ft, Gs^Ft, Gs, Gg, Ds, Gs^Ft, Gs^Ft, Gs^Ft, Gg, Gg, Gs, Gs^Ft, Gg^Vh, Wo, Wo, Wo, Wo, Wo, Ww, Wo, Wwr, Wo, Wo, Wo, Wo, Wo
Wo, Wo, Wo, Wo, Wo, Wo, Wo, Wo, Wo, Wo, Wo, Gg^Vh, Wo, Wo, Re, Wo, Gg, Gg, Gg, Gg^Vh, Rd, Rd, Rd, Hh, Gg, Hh, Hh, Hh, Wo, Gg, Gs, Gs, Gg, Re^Gvs, Re^Gvs, Gg, Gs^Ft, Gs^Ft, Rd, Gg, Ds, Gs, Wo, Wo, Wo, Ds, Gs^Ft, Ds, Gg^Vh, Gg, Wo, Gs, Wo, Wo, Wo, Wo, Wo, Wo, Ww, Ww, Ww^Vm, Ww, Ww, Wo, Wo, Wo
Wo, Wo, Wo, Wo, Wo, Wo, Wo, Wo, Wo, Wo, Wo, Wo, Ds, Re, Re^Gvs, Re, Re^Gvs, Gg, Rd, Rd, Gs^Ft, Gg, Gg, Rd, Re^Gvs, Gg, Gg^Vh, Re, Wo, Gg, Gs, Gs^Ft, Gs^Ft, Gg, Gs, Gs^Ft, Gs, Gg^Vh, Rd, Ds, Wo, Wo, Wo, Wo, Wo, Wo, Wo, Wo, Wwr, Wo, Wo, Wo, Wo, Wo, Wo, Wo, Wo, Wo, Ww, Ww, Wwf, Ww, Ww, Wo, Wo, Wo
Wo, Wo, Wo, Wo, Wo, Wo, Wo, Wwr, Wo, Wo, Ss, Re, Gs^Ft, Gg, Gg^Vh, Re^Gvs, Rd, Rd, Gs^Ft, Gg, Gs^Ft, Gs^Ft, Gg, Rd, Re^Gvs, Re^Gvs, Gg, Gg, Wo, Gg, Gg^Vh, Gs, Gg, Gs, Gs, Gs, Rd, Rd, Wo, Wo, Wo, Wo, Wo, Wo, Wo, Wo, Wo, Wo, Wo, Wo, Wo, Wo, Wo, Wo, Wo, Wo, Wo, Ww, Ww, Ww, Ww, Ww, Ww, Wo, Wo, Wo
Wo, Wo, Wwr, Ww, Wwf, Wo, Wo, Wo, Wo, Wo, Gs^Ft, Gs^Ft, Gs^Ft, Gg, Gg, Rd, Re^Gvs, Rd, Rd, Gs^Ft, Gs^Ft, Gs^Ft, Gg, Rd, Gg^Vh, Re^Gvs, Gg, Gg, Wo, Re^Gvs, Re^Gvs, Re^Gvs, Gs, Gg, Gs^Ft, Gs, Rd, Ds, Wo, Wo, Wo, Wo, Wwr, Wo, Wo, Wo, Wo, Wo, Wo, Wo, Wwr, Wo, Wo, Wo, Wo, Wo, Ww, Wwf, Ww, Ww, Wwf, Wwf, Ww, Ww, Wo, Wo
Wo, Wo, Ww, Ww^Vm, Wo, Wo, Wo, Wo, Wo, Wo, Ds, Re, Gg, Gg, Gg, Gg, Gg, Rd, Gg, Gg^Vh, Re^Gvs, Gs^Ft, Gs^Ft, Rd, Gg, Gg, Gg, Re, Wo, Re^Gvs, Gg, Gs, Gs^Ft, Gs^Ft, Gg, Gg, Re, Gg^Vh, Wo, Wo, Wo, Wo, Wwr, Wwr, Ds, Gg^Vh, Gs, Wo, Wo, Wo, Wo, Wo, Wo, Wo, Wo, Wwr, Ww^Vm, Wwf, Ww, Ww, Ww, Ww^Vm, Ww, Ww, Wo, Wo
Wo, Wo, Wo, Wo, Wo, Wo, Wo, Wo, Wo, Wo, Gg, Gg, Re^Gvs, Re^Gvs, Re^Gvs, Gg, Rd, Rd, Gg, Gg, Re^Gvs, Re^Gvs, Gg, Rd, Rd, Gg, Gg, Re, Re, Wo, Gs, Gs, Gg^Vh, Gs^Ft, Gs, Re, Wo, Wo, Wo, Wo, Wo, Wo, Wo, Wo, Ds, Gs^Ft, Gs^Ft, Ds, Wo, Wo, Wo, Wo, Wo, Wo, Wo, Ww, Ww, Ww, Ww, Ww, Ww, Ww, Wo, Ww, Wo, Wo
Wo, Wo, Wo, Wo, Wo, Wwr, Wo, Wo, Wo, Gg^Vh, Gs^Ft, Gg, Gg, Re^Gvs, Re^Gvs, Gg^Vh, Gg, Rd, Rd, Re^Gvs, Re^Gvs, Re^Gvs, Gg, Gg, Re^Gvs, Rd, Rd, Gs^Ft, Gg^Vh, Wo, Re, Gs, Re^Gvs, Re^Gvs, Gs, Re, Wo, Wo, Wo, Wo, Wo, Wo, Wo, Wo, Wo, Gs^Ft, Gs, Gg, Wo, Wo, Wo, Wo, Wo, Wo, Wo, Wo, Wo, Ww, Wo, Ww, Wo, Wo, Wo, Wo, Wo, Wo
Wo, Wo, Wo, Wo, Wo, Wo, Wo, Wo, Wo, Wwr, Wo, Gg, Gg, Gg, Gg, Gs^Ft, Gs^Ft, Gg, Rd, Re^Gvs, Gg, Gg, Gg, Gg, Re^Gvs, Re^Gvs, Rd, Gg, Gg, Wo, Re, Gs^Ft, Gs, Re^Gvs, Gg, Gg^Vh, Wwr, Wo, Wo, Wo, Wo, Wo, Wo, Wo, Wo, Gs^Ft, Ds, Gg^Vh, Wo, Wo, Wo, Wo, Wo, Wo, Wo, Wo, Wo, Wo, Wo, Wo, Wo, Wo, Wo, Wo, Wo, Wo
Wo, Wo, Wo, Wo, Wo, Wo, Wo, Wo, Wo, Wo, Wo, Wo, Ds, Gg, Gg, Gs^Ft, Re, Re, Rd, Gg, Gg, Gg^Vh, Gg, Gg, Gg, Re^Gvs, Rd, Gg, Rd, Wo^Bw/, Ww, Gs, Gs, Gs^Ft, Gs, Gg, Ds, Wo, Wo, Wo, Wo, Wo, Wo, Wo, Wo, Wwr, Wo, Wo, Wo, Wo, Wo, Wo, Wo, Wo, Wo, Wo, Wo, Wo, Wo, Wwr, Wwr, Wo, Wo, Wo, Wwr, Wo
Wo, Wo, Wo, Wo, Wo, Wo, Wo, Wo, Wo, Wo, Wo, Wo, Wo, Ds, Ds, Re, Re, Re, Gs^Ft, Gg, Gg, Gg, Gg, Gg, Hh, Gg, Rd, Rd, Gg, Re, Wo, Re^Gvs, Re^Gvs, Gs^Ft, Gs, Gs, Ds, Wo, Wo, Wo, Wo, Wo, Wo, Wo, Wo, Wo, Wo, Wo, Wo, Wo, Wo, Wo, Wo, Wo, Wo, Wo, Wo, Wo, Wo, Wwr, Wo, Wwr, Wo, Wo, Wwr, Wo
Wo, Wo, Wo, Wo, Wo, Wo, Wo, Wo, Wo, Wo, Wo, Wo, Wo, Wo, Wo, Gg^Vh, Gg, Gg, Gs^Ft, Gg, Gg, Gs^Ft, Gg, Hh, Hh, Hh, Rd, Hh, Hh, Hh, Hh, Wo, Wo, Gg, Gg, Ds, Wo, Wo, Wo, Wo, Wo, Wo, Wo, Wo, Wo, Wo, Wo, Wo, Wo, Wo, Gg^Vh, Wo, Wo, Wo, Wo, Wo, Wo, Wo, Wo, Wo, Wo, Wo, Wo, Wo, Wo, Wo
Wo, Wo, Wo, Wo, Wo, Wo, Wo, Wo, Wo, Wo, Wo, Wo, Wo, Ds, Gs, Wo, Wo, Gg, Gg, Gs^Ft, Gs^Ft, Gg, Hh, Hh, Hh, Gg^Vh, Rd, Hh, Hh, Hh, Hh, Hh, Wo, Ss, Gg^Vh, Wo, Wo, Wo, Wo, Wo, Wo, Wo, Wo, Wo, Wo, Wo, Wo, Wo, Wo, Wo, Gg, Gg, Gs, Wo, Wo, Ds, Ds, Ds, Gs^Ft, Wo, Wo, Wo, Wo, Wo, Wo, Wo
Wo, Wo, Wo, Wo, Wo, Wo, Wo, Wo, Wo, Wo, Wo, Wo, Ds, Gg, Gs^Ft, Gs, Wo, Gs, Gs, Gs^Ft, Gg, Hh, Hh, Hh, Hh, Hh, Hh, Hh, Hh, Gg^Vh, Gs, Gs, Gs, Wo, Wo, Wo, Wo, Wo, Wo, Wo, Wo, Wo, Wwr, Wo, Wo, Wo, Wo, Wo, Wo, Wo, Wo, Ds, Ds, Gs, Gs, Gs, Gg^Vh, Gs^Ft, Wo, Wo, Wo, Wo, Wo, Wo, Wo, Wo
Wo, Wo, Wo, Wo, Wo, Wwr, Wo, Wo, Wo, Wo, Ss, Wo, Gs, Ss, Gs, Ds, Wo, Gs, Gs, Gg, Gs, Gg^Vh, Hh, Hh, Hh, Rd, Hh, Hh, Hh, Gg, Gg, Gs, Gs, Gs, Gg, Wo, Wo, Wo, Wo, Wo, Wo, Wo, Wo, Wo, Wo, Wo, Wo, Wo, Wo, Wo, Wo, Wo, Ds, Gg, Hh, Hh, Hh, Gs, Ds, Wo, Wo, Wo, Wo, Wo, Wo, Wo
Wo, Wo, Wo, Wo, Wo, Wo, Wo, Wo, Wo, Ss, Gs, Ss, Gs, Gs, Ss, Ds, Ss, Ww, Ww, Gs^Ft, Gs, Hh, Hh, Hh, Hh, Rd, Rd, Hh, Gg, Hh, Re^Gvs, Gg, Gs, Gs, Gs^Ft, Gg, Ds, Wo, Wo, Wo, Wo, Wo, Wo, Wo, Wo, Wo, Wo, Wo, Wo, Wo, Wo, Wo, Gs^Ft, Gg, Hh, Mm, Mm, Hh, Ds, Wo, Wo, Wo, Wo, Wo, Wo, Wo
Wo, Wo, Wo, Wo, Wo, Wo, Wo, Wo, Gs^Ft, Ss^Vhs, Gs, Gs^Ft, Gs^Ft, Gs^Ft, Gs^Ft, Ss, Gs, Gs, Wo, Gg, Gg, Hh, Gs, Hh, Hh, Gg^Vh, Hh, Rd, Gg, Re^Gvs, Gs, Gs, Gs^Ft, Gs, Gs, Gg, Gg, Wo, Wo, Wo, Wo, Wo, Wo, Wo, Wo, Wwr, Wo, Wo, Wo, Wo, Wo, Wo, Gs, Gg^Vh, Mm, Mm, Mm, Hh, Ds, Wo, Wo, Wo, Wo, Wo, Wo, Wo
Wo, Wo, Wo, Wo, Wo, Wo, Wo, Gs, Gs, Gs^Ft, Gs^Ft, Gs^Ft, Gs^Ft, Gs^Ft, Gs, Ss^Vhs, Gs^Ft, Gs, Ds, Wo, Gs, Gs, Gs, Hh, Hh, Hh, Hh, Rd, Rd, Gg, Gs, Gs, Gs^Ft, Gs, Gs, Gg, Gg, Gs, Gs, Wo, Wo, Wo, Wo, Wo, Wo, Wwr, Wo, Wo, Wo, Wo, Wo, Wo, Gs, Gs, Gs^Ft, Mm, Gg, Gg^Vh, Wwr, Wo, Wo, Wwr, Wwr, Wwr, Wo, Wo
Wo, Wo, Wo, Wo, Wo, Wo, Wo, Wo, Gs^Ft, Gs^Ft, Gs^Ft, Gs^Ft, Ss, Gs^Ft, Gs, Gs, Ds, Gs, Ds, Wo, Wo, Gs, Gs, Gg, Gg, Hh, Gs, Hh, Gs^Ft, Rd, Rd, Gs, Gs^Ft, Gs^Ft, Gs^Ft, Gs, Gg, Gs^Ft, Gg^Vh, Wo, Wo, Wo, Wo, Wo, Wo, Wo, Wo, Wo, Wo, Wo, Wo, Wo, Ds, Gs^Ft, Gs^Ft, Gg, Wo, Wo, Wo, Wo, Wo, Wo, Wo, Wo, Wo, Wo
Wo, Wo, Wo, Wo, Wo, Wo, Wo, Wo, Gs^Ft, Gs, Gs^Ft, Gs^Ft, Gs^Ft, Gs^Ft, Gs^Ft, Ds, Ss, Ss, Ss, Ss, Wo, Gg^Vh, Re^Gvs, Gg, Gg, Gg, Gg^Vh, Gs, Gs, Rd, Gg, Rd, Rd, Gs^Ft, Gs^Ft, Gs, Gg, Gs^Ft, Rd, Ds, Wo, Wo, Wo, Wo, Wo, Wo, Wo, Wo, Wo, Wo, Wo, Wo, Wo, Ds, Wo, Wo, Wo, Wo, Wo, Wo, Wo, Wo, Wo, Wo, Wo, Wo
Wo, Wo, Wo, Wo, Wo, Wo, Wo, Wo, Gs^Ft, Ss, Gs, Gs, Gs, Gs^Ft, Gs, Ss, Gs, Gs, Ss, Ss, Wo, Wo, Wo, Wo, Wo, Hh, Hh, Gg, Re, Rd, Gs^Ft, Re^Gvs, Re^Gvs, Rd, Rd, Rd, Rd, Re, Rd, Rd, Rd, Wo, Wo, Wo, Wo, Wo, Wo, Wo, Wo, Wo, Wo, Wo, Wo, Wo, Wo, Wo, Wo, Wo, Wo, Wo, Wo, Wo, Wo, Wo, Wo, Wo
Wo, Wo, Wo, Wo, Wo, Wo, Wo, Wo, Gs^Ft, Ss, Ss^Vhs, Gs, Ss, Gs^Ft, Gs^Ft, Ss, Ds, Ss^Vhs, Ss, Wo, Wo, Wo, Wo, Wo, Wo, Wo, Wo, Hh, Wo, Re, Gg^Vh, Re^Gvs, Gg, Gg, Gg, Gs, Gg^Vh, Rd, Gs^Ft, Gs^Ft, Gs, Gg^Vh, Gs^Ft, Ds, Ds, Wo, Wo, Wo, Wo, Wo, Wo, Wo, Wo, Wo, Wo, Wo, Wo, Wo, Wo, Wo, Wo, Wo, Wo, Wo, Wo, Wo
Wo, Wo, Wo, Wo, Wo, Wo, Wo, Wo, Wo, Ss, Ss, Ds, Ds, Gg, Gs^Ft, Ds, Ds, Wo, Wo, Wo, Wo, Wwr, Wo, Wo, Wo, Wo, Wo, Wo, Wwr, Wo, Wo, Wo, Wo, Gg, Gg, Gs, Gs, Gs, Gg, Gs^Ft, Gs, Gs, Re, Gs^Ft, Gs, Gs, Gs, Wo, Wo, Wo, Wo, Wo, Wo, Wo, Wo, Wo, Wo, Wo, Wo, Wo, Wo, Wo, Wo, Wo, Wo, Wo
Wo, Wo, Wo, Wo, Wo, Wo, Wo, Wo, Wo, Wo, Wo, Ds, Ds, Gg, Gs, Gs, Ss, Ds, Wo, Wo, Wo, Wo, Wo, Wo, Wo, Wo, Wo, Wo, Wo, Wo, Wo, Wo, Wo, Wo, Wo, Gs, Wo, Gg, Gg^Vh, Gs, Ds, Gg, Gg, Gg, Gs^Ft, Gs, Gs^Ft, Wo, Wo, Wo, Wo, Wo, Wo, Wo, Wo, Wo, Wo, Wwr, Wwr, Wo, Wo, Wo, Wo, Wo, Wo, Wo
Wo, Wo, Wo, Wo, Wo, Wo, Wo, Wo, Wo, Wo, Wo, Wo, Ss, Gs, Gs, Gs, Gs, Ds, Wo, Wo, Wo, Wo, Wo, Wo, Wo, Wo, Wo, Wo, Wo, Wo, Wo, Wo, Wo, Wo, Wo, Wo, Wo, Wo, Wo, Wo, Wo, Wo, Wo, Ds, Wo, Gs^Ft, Gg, Gg^Vh, Wwr, Wwr, Hh, Wo, Wo, Wo, Wo, Wo, Wo, Wwr, Wo, Wo, Wo, Wo, Wo, Wo, Wo, Wo
Wo, Wo, Wo, Wo, Wo, Wo, Wo, Wo, Wo, Wo, Wo, Wo, Wo, Ds, Ds, Gs, Ds, Gs, Gg, Wo, Gs, Wo, Wo, Wo, Wo, Wo, Wo, Wo, Hh, Wo, Wo, Wo, Wo, Wo, Wo, Wo, Wo, Wo, Wo, Wo, Wo, Wo, Wo, Wo, Wo, Wo, Wo, Wo, Wo, Wo, Wo, Wo, Wo, Wo, Wo, Wo, Wo, Wo, Wo, Wo, Wo, Wo, Wo, Wo, Wo, Wo
Wo, Wo, Wo, Wo, Wo, Wo, Wo, Wo, Wo, Wo, Wo, Wo, Wo, Wo, Wo, Ds, Wo, Gs, Gg, Gs^Ft, Gs, Gg, Gg, Gg^Vh, Wo, Wo, Wo, Wo, Wo, Gg^Vh, Wwr, Wo, Wo, Wo, Wo, Wo, Wo, Wo, Wo, Wo, Wo, Wo, Wo, Wo, Wo, Wo, Wo, Wo, Wo, Wo, Wo, Wo, Wo, Wo, Wo, Wo, Wo, Wo, Wo, Wo, Wo, Wo, Wo, Wo, Wo, Wo
Wo, Wo, Wo, Wo, Wo, Wo, Wo, Wo, Wo, Wo, Wo, Wo, Wo, Wo, Wo, Wo, Wo, Wo, Wo, Gg, Ds, Ds, Wo, Wo, Wo, Wo, Wo, Wo, Wo, Wwf, Wo, Wo, Wo, Wo, Wo, Wo, Wo, Wo, Wo, Wo, Wo, Wwr, Wwr, Wwr, Wwr, Wo, Wo, Wo, Wo, Wo, Wo, Wo, Wo, Wo, Wo, Wo, Wo, Wo, Wo, Wo, Wo, Wo, Wo, Wo, Wo, Wo
Wo, Wo, Wo, Wo, Wo, Wo, Wo, Wo, Wo, Wo, Wo, Wo, Wo, Wo, Wo, Wo, Wo, Wo, Wo, Wo, Wo, Wo, Wo, Wo, Wo, Wo, Wo, Wo, Wo, Wo, Wo, Wo, Wo, Wo, Wo, Wo, Wo, Wo, Wo, Wo, Wo, Wo, Wo, Wwr, Wo, Wo, Wo, Wo, Wo, Wo, Wo, Wo, Wo, Wo, Wo, Wo, Wo, Wo, Wo, Wo, Wo, Wo, Wo, Wo, Wo, Wo
Wo, Wo, Wo, Wo, Wo, Wo, Wo, Wo, Wo, Wo, Wo, Wo, Wo, Wo, Wo, Wo, Wo, Wo, Wo, Wo, Wo, Wo, Wo, Wo, Wo, Wo, Wo, Wo, Wo, Wo, Wo, Wo, Wo, Wo, Wo, Wo, Wo, Wo, Wo, Wo, Wo, Wo, Wo, Wo, Wo, Wo, Wo, Wo, Wo, Wo, Wo, Wo, Wo, Wo, Wo, Wo, Wo, Wo, Wo, Wo, Wo, Wo, Wo, Wo, Wo, Wo
Wo, Wo, Wo, Wo, Wo, Wo, Wo, Wo, Wo, Wo, Wo, Wo, Wo, Wo, Wo, Wo, Wo, Wo, Wo, Wo, Wo, Wo, Wo, Wo, Wo, Wo, Wo, Wo, Wo, Wo, Wo, Wo, Wo, Wo, Wo, Wo, Wo, Wo, Wo, Wo, Wo, Wo, Wo, Wo, Wo, Wo, Wo, Wo, Wo, Wo, Wo, Wo, Wo, Wo, Wo, Wo, Wo, Wo, Wo, Wo, Wo, Wo, Wo, Wo, Wo, Wo
Xv, Xv, Xv, Xv, Xv, Xv, Xv, Xv, Xv, Xv, Xv, Xv, Xv, Xv, Xv, Xv, Xv, Xv, Xv, Xv, Xv, Xv, Xv, Xv, Xv, Xv, Xv, Xv, Xv, Xv, Xv, Xv, Xv, Xv, Xv, Xv, Xv, Xv, Xv, Xv, Xv, Xv, Xv, Xv, Xv, Xv, Xv, Xv, Xv, Xv, Xv, Xv, Xv, Xv, Xv, Xv, Xv, Xv, Xv, Xv, Xv, Xv, Xv, Xv, Xv, Xv
Xv, Xv, Xv, Xv, Xv, Xv, Xv, Xv, Xv, Xv, Xv, Xv, Xv, Xv, Xv, Xv, Xv, Xv, Xv, Xv, Xv, Xv, Xv, Xv, Xv, Xv, Xv, Xv, Xv, Xv, Xv, Xv, Xv, Xv, Xv, Xv, Xv, Xv, Xv, Xv, Xv, Xv, Xv, Xv, Xv, Xv, Xv, Xv, Xv, Xv, Xv, Xv, Xv, Xv, Xv, Xv, Xv, Xv, Xv, 1 Xv, Xv, Xv, Xv, Xv, Xv, Xv
Xv, Xv, Xv, Xv, Xv, Xv, Xv, Xv, Xv, Xv, Xv, Xv, Xv, Xv, Xv, Xv, Xv, Xv, Xv, Xv, Xv, Xv, Xv, Xv, Xv, Xv, Xv, Xv, Xv, Xv, Xv, Xv, Xv, Xv, Xv, Xv, Xv, Xv, Xv, Xv, Xv, Xv, Xv, Xv, Xv, Xv, Xv, Xv, Xv, Xv, Xv, Xv, Xv, Xv, Xv, Xv, Xv, 6 Xv, Xv, Xv, Xv, 2 Xv, Xv, Xv, Xv, Xv
Xv, Xv, Xv, Xv, Xv, Xv, Xv, Xv, Xv, Xv, Xv, Xv, Xv, Xv, Xv, Xv, Xv, Xv, Xv, Xv, Xv, Xv, Xv, Xv, Xv, Xv, Xv, Xv, Xv, Xv, Xv, Xv, Xv, Xv, Xv, Xv, Xv, Xv, Xv, Xv, Xv, Xv, Xv, Xv, Xv, Xv, Xv, Xv, Xv, Xv, Xv, Xv, Xv, Xv, Xv, Xv, Xv, Xv, Xv, Xv, Xv, Xv, Xv, Xv, Xv, Xv
Xv, Xv, Xv, Xv, Xv, Xv, Xv, Xv, Xv, Xv, Xv, Xv, Xv, Xv, Xv, Xv, Xv, Xv, Xv, Xv, Xv, Xv, Xv, Xv, Xv, Xv, Xv, Xv, Xv, Xv, Xv, Xv, Xv, Xv, Xv, Xv, Xv, Xv, Xv, Xv, Xv, Xv, Xv, Xv, Xv, Xv, Xv, Xv, Xv, Xv, Xv, Xv, Xv, Xv, Xv, Xv, Xv, 5 Xv, Xv, Xv, Xv, 3 Xv, Xv, Xv, Xv, Xv
Xv, Xv, Xv, Xv, Xv, Xv, Xv, Xv, Xv, Xv, Xv, Xv, Xv, Xv, Xv, Xv, Xv, Xv, Xv, Xv, Xv, Xv, Xv, Xv, Xv, Xv, Xv, Xv, Xv, Xv, Xv, Xv, Xv, Xv, Xv, Xv, Xv, Xv, Xv, Xv, Xv, Xv, Xv, Xv, Xv, Xv, Xv, Xv, Xv, Xv, Xv, Xv, Xv, Xv, Xv, Xv, Xv, Xv, Xv, 4 Xv, Xv, Xv, Xv, Xv, Xv, Xv
Xv, Xv, Xv, Xv, Xv, Xv, Xv, Xv, Xv, Xv, Xv, Xv, Xv, Xv, Xv, Xv, Xv, Xv, Xv, Xv, Xv, Xv, Xv, Xv, Xv, Xv, Xv, Xv, Xv, Xv, Xv, Xv, Xv, Xv, Xv, Xv, Xv, Xv, Xv, Xv, Xv, Xv, Xv, Xv, Xv, Xv, Xv, Xv, Xv, Xv, Xv, Xv, Xv, Xv, Xv, Xv, Xv, Xv, Xv, Xv, Xv, Xv, Xv, Xv, Xv, Xv
