Ai, Aa, Aa^Fpa, Rr, Aa, Aa, Ha, Aa, Ha, Ms, Ms, Ms, Ms, Ms, Ms, Ms, Md^Xm, Ms, Ms, Ms, Ms, Ms, Ms, Ms, Ms, Ms, Ms, Ms, Ms, Ms, Ms, Ms^Xm, Ms^Xm, Ms, Ms, Ha, Ha, Ha, Ha, Ha, Ha, Ha, Ha, Aa, Aa, Aa, Re, Aa, Aa^Fpa, Aa^Fpa, Aa^Fpa, Aa^Fpa, Aa^Fpa
Wo, Ai, Ha, Rr, Aa^Fpa, Ha, Aa^Fma, Aa, Ha, Ms, Ha, Ms, Ms, Ms, Ai, Ms, Ms, Md^Xm, Ms, Ms, Ai, Aa^Fpa, Ha, Ha, Ql, Aa^Fpa, Aa, Ha, Ms, Ha, Aa^Vha, Ms, Ms, Ms^Xm, Ms^Xm, Ms, Ms, Ha, Ms, Ha, Ms, Ha, Ms, Ha, Ha, Aa, Re, Ha^Fma, Aa, Aa^Fpa, Aa^Fpa, Ai, Aa^Fpa
Wo, Wo, Ai, Rr, Rr, Aa, Aa^Vca, Ai, Ai, Ha, Aa^Fma, Aa^Vca, Ha, Ai, Ha, Ha, Ha, Md^Xm, Ms, Aa^Vla, Ha, Ai, Aa, Ai, Ai, Ai, Aa, Ai, Ai, Ai, Aa, Ms, Ms, Ms, Ms, Ms^Xm, Ms, Ms, Ms, Ms, Ms, Ms, Ms, Ms, Ha, Aa^Vea, Aa^Fpa, Re, Re, Aa^Fpa, Aa^Fpa, Aa^Fpa, Aa^Fpa
Wo, Wo, Ai, Aa, Rr, Aa, Aa, Ai, Ha, Aa, Rra, Rra, Rra, Ai, Rra, Ha, Ai, Md^Xm, Md^Xm, Ms, Aa, Aa, Ai, Ai, Ww, Aa, Ww, Wo, Wo, Ai, Ha, Aa^Fpa, Ha, Ms, Ms, Ms^Xm, Ms^Xm, Ms^Xm, Ms^Xm, Ms, Ms, Ms, Ms, Ms, Ms, Ha, Ha, Aa^Fpa, Re, Aa, Aa^Fpa, Ha, Aa^Fpa
Wo, Wo, Wo, Ha, Ha, Rr, Ha, Ha, Ai, Rra, Ha, Ha, Aa^Fma, Rra, Aa^Vca, Ai, Ms, Ms, Md^Xm, Aa^Fpa, Aa, Aa, Ai, Wo, Wo, Ww, Ai^Vha, Ww, Ww, Ai, Ha, Aa, Ha, Ha, Ha, Ms, Ms, Ms^Xm, Ms, Ms^Xm, Ms^Xm, Ms, Ms^Xm, Ms, Ms, Ms, Ms, Ha, Re, Aa^Vea, Ha, Aa^Fpa, Aa^Fpa
Wo, Wo, Wo, Wo, Aa^Vca, Rr, Ha, Aa, Ai, Aa^Vca, Aa, Ha, Ai, Aa, Ha, Ms, Ms, Ms, Md^Xm, Aa, Ms, Ai, Aa, Ai, Wo, Ww, Ha, Aa, Ww, Ai, Ww, Ww, Wo, Aa^Fpa, Aa^Vha, Ha, Ms, Ms, Ms, Ms, Ms, Ms^Xm, Ms^Xm, Ms^Xm, Ms^Xm, Ms^Xm, Ms^Xm, Ha, Ha, Re, Aa, Aa^Fpa, Aa^Fpa
Wo, Wo, Wo, Ai, Ai, Rr, Aa, Ha, Aa^Fma, Ai, Aa, Ha, Ai, Aa, Ha, Ms, Ha, Ms, Ms, Md^Xm, Ms, Aa^Fpa, Ha, Ai, Ai, Wo, Ww, Ww^Bw|, Ww, Ww, Aa, Ha, Ms, Wo, Wo, Aa, Ha, Ms, Ha, Ms, Ms, Ms, Ha, Ms, Ms, Ms^Xm, Ms^Xm, Ha, Ha, Re, Aa, Ha, Aa^Fpa
Wo, Wo, Wo, Wo, Ha, Rr, Rr, Aa, Ha, Ha, Aa, Ai, Aa, Aa, Aa^Fpa, Aa, Ha, Aa^Fpa, Aa^Fpa, Md^Xm, Md^Xm, Ms, Ha, Ms, Xu, Xu, Uu, Ai, Tb^Tfi, Xu, Xu, Ms, Ms, Ai, Wo, Ha, Aa^Fma, Aa^Fma, Ha, Aa^Vha, Aa, Ha, Ms, Ms, Ms, Ms^Xm, Ms, Ms, Ha, Re, Aa^Fpa, Aa^Fpa, Aa^Fpa
Wo, Wo, Wo, Wo, Wo, Aa, Rr, Aa, Aa^Fma, Aa, Aa^Fpa, Aa^Fpa, Aa, Aa^Fpa, Aa^Fpa, Aa^Fpa, Aa^Fpa, Aa^Fpa, Aa^Fpa, Ms, Ms, Md^Xm, Md^Xm, Ms, Xu, Uu^Vu, Ur, Ur, Ur, Uu^Vu, Xu, Ms, Ms, Ha, Aa, Wo, Ww, Aa, Ww, Ha, Wo, Aa, Aa^Fma, Ha, Ha, Ms, Ha, Ha, Re, Re, Aa^Vea, Aa^Fpa, Aa^Fpa
Wo, Wo, Wo, Wo, Wo, Ai, Rr, Aa, Aa, Aa, Aa^Fpa, Aa^Feta, Aa^Fpa, Aa^Feta, Aa^Vea, Aa^Fpa, Aa^Fpa, Aa^Fpa, Ha, Aa^Fpa, Ha, Ms, Ms, Xu, Ur, Ur, Uh, Uh, Ur, Uh, Xu, Ms, Ms, Ms, Ms, Ha, Aa^Fma, Ww, Aa^Fma, Wo, Aa, Wo, Aa, Aa^Fma, Ha, Aa, Ai, Ha, Re, Aa^Fpa, Aa, Aa^Feta, Aa^Fpa
Wo, Wo, Wo, Wo, Wo, Ai, Aa, Rr, Rr, Aa, Aa^Fpa, Ha, Aa^Fpa, Aa^Fpa, Aa, Aa, Aa^Fpa, Aa^Feta, Aa^Vea, Aa^Fpa, Aa, Ha, Aa^Fma, Ms, Aa, Ur, Ur, Uh, Ur, Uh, Xu, Ms, Ha, Ms, Ms, Ms, Ms, Aa^Fma, Ms, Ha, Aa^Fma, Wo, Wo, Aa, Aa, Aa^Fpa, Ww, Aa^Fpa, Re, Aa^Fpa, Aa^Fpa, Aa^Fpa, Aa^Fpa
Wo, Wo, Wo, Wo, Wo, Wo, Aa^Vha, Ai, Ai, Rr, Aa^Fpa, Aa^Fpa, Aa^Feta, Aa^Fpa, Aa^Fpa, Aa^Fpa, Aa^Fpa, Aa, Aa^Fpa, Aa^Fpa, Aa, Aa^Fma, Aa^Fma, Aa, Aa, Ur, Xu, Uu^Vu, Xu, Xu, Ms, Ms, Aa, Ha, Ha, Ha, Ha, Ms, Ha, Aa^Vha, Ha, Aa, Aa^Fpa, Wo, Aa^Fpa, Wo, Re, Ww^Bw/, Ha, Re, Aa^Vea, Aa, Aa^Fpa
Wo, Wo, Wo, Wo, Wo, Wo, Ai, Ai, Rr, Rr, Ai, Aa^Fpa, Aa^Fpa, Aa, Aa, Aa^Fpa, Aa, Ha, Aa, Aa, Aa, Aa, Re, Re, Ms, Xu, Ms, Xu, Ms, Ms, Ha, Ha, Aa, Aa, Aa, Aa, Aa, Aa^Fpa, Ha, Aa, Aa, Aa, Aa, Wo, Wo, Wo, Re, Ww, Wo, Aa, Aa^Fpa, Aa^Fpa, Aa^Fpa
Wo, Wo, Wo, Wo, Wo, Ai, Ai, Rr, Aa, Ai, Ai, Aa, Aa, Aa^Fpa, Aa, Aa, Re, Aa, Re, Re, Re, Re, Aa, Aa, Aa, Ms, Ha, Ms, Ha, Ha, Aa, Aa, Sm, Aa, Ai, Aa, Sm, Ha, Ha, Ha, Ha, Ha, Ha, Aa, Aa^Fpa, Aa, Re, Ha, Aa, Wo, Wo, Aa^Fpa, Wo
Wo, Wo, Wo, Wo, Ww, Wo, Ww, Ww^Bw|, Ww, Aa^Vha, Ss, Re, Re, Aa, Re, Re, Aa, Aa, Aa, Aa, Aa, Re, Re, Aa^Fpa, Aa^Fpa, Aa, Aa, Ha, Aa, Aa, Sm, Aa^Fpa, Sm, Aa^Vha, Sm, Aa^Fpa, Sm, Sm, Aa^Fpa, Ha, Ha, Aa^Fma, Ha, Ha, Aa, Re, Re, Aa^Fpa, Aa, Aa^Fpa, Aa^Vea, Wo, Aa^Fpa
Wo, Wo, Wo, Aa^Vha, Ww^Bw\, Rr, Rr, Rr, Rr, Wo, Wo, Aa, Re, Re, Aa, Aa, Wo, Wo, Wo, Wo, Wo, Aa, Re, Ha, Re, Aa^Vha, Re, Re, Re, Re, Re, Sm, Re, Ai, Aa^Fpa, Sm, Ai, Sm, Aa^Vha, Aa, Aa^Fpa, Ha, Ha, Ha, Ha, Ha, Re, Ha, Re, Aa^Fpa, Aa, Aa^Fpa, Aa^Fpa
Wo, Wo, Wo, Ai, Ww, Aa, Aa, Aa^Vha, Rr, Wo, Wo, Ww, Ww^Bw|, Aa, Aa, Aa, Wo, Aa, Ha, Ha, Wo, Aa, Aa, Re, Aa, Re, Aa, Aa, Aa, Aa, Aa, Re, Aa, Re, Re, Sm, Sm, Aa^Fpa, Sm, Sm, Aa^Fpa, Aa, Aa, Aa, Aa, Aa, Aa, Re, Ha, Re, Re, Aa^Fpa, Aa^Fpa
Wo, Wo, Wo, Wo, Wo, Wo, Wo, Rr, Ww^Bw\, Ww, Aa, Aa, Re, Ww, Wo, Wo, Aa, Ha, Ha, Aa, Aa, Wo, Wo, Aa, Ww, Aa, Wo, Wo, Ww, Ww, Ww, Ha, Wo, Aa, Aa, Re, Re, Aa, Aa, Sm, Aa, Sm, Aa, Aa, Aa^Fpa, Ha, Aa, Ha, Aa, Ha, Ha, Re, Re
Wo, Wo, Wo, Wo, Ha, Ai, Aa, Ww, Aa, Rr, Rr, Aa, Re, Ai, Ai, Wo, Aa, Ha, Ha, Ha, Ha, Aa, Aa^Vha, Ww, Aa, Ww, Aa, Aa, Aa, Aa^Vea, Aa, Wo, Aa, Wo, Wo, Aa, Aa, Re, Re, Aa, Aa, Aa, Aa^Fpa, Aa, Aa, Aa, Aa, Aa, Aa, Ha, Ha, Ha, Ha
Wo, Wo, Wo, Ha, Aa^Vha, Ai, Ai, Aa, Re, Aa, Re, Rr, Rr, Ai, Aa^Vha, Aa, Aa, Aa, Ha, Ms, Ms, Ha, Ai, Ai, Aa, Aa, Aa^Fpa, Aa^Fpa, Aa, Aa^Fpa, Aa^Fpa, Aa, Ha, Aa, Aa, Wo, Ha, Aa, Re, Aa, Aa, Aa^Fpa, Ha, Aa, Wo, Aa, Aa, Aa^Fpa, Ha, Aa, Aa, Aa, Aa
Wo, Wo, Wo, Wo, Wo, Re, Re, Re, Aa^Vha, Re, Aa, Aa, Rra, Aa, Aa^Fpa, Aa^Fpa, Aa^Fpa, Aa^Fpa, Aa, Ha, Ha, Ha, Ha, Ai, Aa, Aa^Fpa, Aa^Fpa, Aa, Aa^Fpa, Aa^Fpa, Ai, Ai, Ha, Ha, Aa, Wo, Wo, Ww, Ww^Bw|, Ww, Wo, Wo, Wo, Wo, Aa, Wo, Wo, Aa, Aa, Aa, Aa, Aa^Fpa, Aa
Wo, Wo, Wo, Wo, Wo, Ha, Aa, Aa, Aa, Aa, Rra, Rra, Aa^Fpa, Aa^Fpa, Aa^Fpa, Ha, Aa^Fpa, Aa^Fpa, Aa, Aa, Ha, Ms^Xm, Ms, Ha, Ha, Aa, Aa^Fpa, Aa^Vea, Aa^Fpa, Ai, Ai, Ai, Ww, Ww, Aa^Vha, Aa, Wo, Ha, Re, Aa, Aa, Aa^Esa, Aa^Esa, Aa, Ai, Aa, Aa, Wo, Ww, Ww, Ww, Aa, Aa
Wo, Wo, Wo, Wo, Ai, Ai, Aa, Aa^Esa, Aa, Rra, Aa^Fpa, Aa^Fpa, Aa^Fpa, Aa^Fpa, Aa^Fpa, Aa^Fpa, Aa^Fpa, Aa^Fpa, Aa, Aa, Ha, Ms^Xm, Ms, Ha, Ha, Aa^Fpa, Aa^Fpa, Aa^Fpa, Aa^Fpa, Ai, Ai, Ai, Ai, Ww, Aa, Ha, Wo, Aa, Re, Aa, Aa, Aa, Aa, Aa, Ha, Ha, Ha, Aa, Aa, Aa, Aa, Wo, Wo
Wo, Wo, Wo, Wo, Aa^Fma, Aa, Aa, Aa, Aa, Rra, Rra, Aa^Fpa, Aa^Fpa, Ha, Aa^Fpa, Aa^Feta, Aa^Fpa, Aa^Fpa, Aa, Aa, Ha, Ms^Xm, Ms, Ha, Aa, Aa, Aa, Aa^Fpa, Aa, Aa, Ai, Ai, Ai, Ai, Ai, Aa, Wo, Aa^Fpa, Ha, Re, Re, Aa^Vha, Aa, Aa, Ha, Ms, Ha, Aa, Ai, Aa, Aa, Aa, Aa
Wo, Wo, Wo, Aa, Ha, Aa^Fma, Wo, Wo, Wo, Aa, Rra^Vha, Aa^Fpa, Aa^Fpa, Aa^Fpa, Aa, Aa^Fpa, Aa, Aa, Aa^Fma, Aa, Ha, Ms^Xm, Ha, Ha, Rra, Aa^Vha, Aa, Aa, Aa, Ai, Ai, Aa, Aa, Ai, Ai, Ha, Aa^Vha, Wo, Wo, Ha, Aa, Re, Aa, Aa, Ha, Ha, Ms, Ha, Ha, Aa, Aa, Ss, Ai
Wo, Wo, Wo, Aa, Aa, Wo, Wo, Wo, Wo, Wo, Rra, Aa, Rra, Rra, Rra, Aa, Aa, Aa^Fma, Ha, Ha, Ms^Xm, Ms^Xm, Ha, Aa, Rra, Aa, Ai, Ai, Aa, Aa, Aa^Vha, Aa, Ai, Ai, Ai, Ai, Aa, Aa, Aa, Wo, Aa^Fpa, Re, Ai, Ai, Ha, Ms, Ms, Ms, Ha, Ha, Aa, Ss, Ss
Wo, Wo, Wo, Aa^Vha, Wo, Wo, Wo, Wo, Aa, Aa, Rra, Rra, Ai, Ai, Aa, Rra, Rra, Aa, Ha, Ms, Ms, Ms, Ha, Aa, Rra, Aa, Aa, Ai, Aa, Ai, Ai, Aa, Aa, Ai, Aa, Aa, Ha, Ha, Aa, Wo, Aa^Fpa, Re, Aa^Vha, Ai, Ha, Ha, Ms, Ms, Ha, Ha, Aa, Aa, Ss
Wo, Wo, Wo, Wo, Wo, Wo, Wo, Wo, Aa, Rra, Aa, Aa, Aa, Ai, Aa^Fpa, Aa, Aa, Rra, Rra, Ha, Aa, Ha, Aa, Aa, Rra, Ai, Ai, Aa, Aa, Ai, Ai, Aa, Aa, Aa, Aa, Ha, Ha, Ha, Wo, Wo, Aa, Re, Aa, Aa, Aa, Ha, Ha, Ha, Ha, Aa, Aa, Ai, Ss
Wo, Wo, Wo, Wo, Wo, Wo, Wo, Ai, Rra, Rra, Aa, Aa, Ai, Aa^Fpa, Ai, Aa^Fpa, Aa, Aa, Aa, Rra, Rra, Aa, Aa, Rra, Rra^Vha, Ai, Rra, Rra, Rra, Rra, Rra, Rra, Rra, Aa, Aa, Aa^Vha, Wo, Wo, Ha, Aa, Re, Re, Aa, Aa, Aa, Aa, Ha, Ha, Ha, Ha, Aa, Ss, Ss
Wo, Wo, Wo, Wo, Wo, Wo, Ai, Ai, Rra, Aa, Aa, Aa^Vha, Aa^Fpa, Aa^Fpa, Ss, Aa^Vha, Ss, Aa, Aa, Aa, Rra, Rra, Rra, Rra, Rra, Rra, Aa, Aa, Aa, Aa, Aa, Aa^Vha, Aa, Aa, Aa, Wo, Aa^Fpa, Aa, Re, Re, Aa^Fpa, Re, Re, Aa, Aa, Ha, Ms, Ms, Ha, Ha, Aa, Ss, Ss
Wo, Wo, Wo, Wo, Wo, Wo, Aa^Vha, Rra, Ai, Ai, Ai, Ss, Ss, Ai, Ai, Aa, Ai, Ss, Aa^Fpa, Aa^Fpa, Rra, Aa, Ai, Ai, Aa, Aa, Wo, Wo, Wo, Aa, Wo, Aa, Wo, Aa, Wo, Wo, Aa, Re, Aa, Aa, Aa^Fpa, Rra, Rra, Re, Aa, Aa, Ms, Ms, Ha, Aa, Aa, Ai, Ss
Wo, Wo, Wo, Wo, Ai, Aa, Rra, Rra, Aa, Ai, Re, Aa, Aa, Aa^Fpa, Ss, Ss, Ss, Ss, Ss, Ai, Rra, Aa, Aa, Ai, Ha, Wo, Ha, Ha, Wo, Wo, Ha, Wo, Aa, Wo, Aa^Fpa, Aa, Re, Re, Aa, Aa^Fpa, Aa^Fpa, Aa^Vha, Rra, Ha, Aa, Aa^Vha, Ms, Ha, Ha, Ha, Aa, Ss, Ss
Wo, Wo, Wo, Wo, Ai, Aa, Aa, Aa, Re, Re, Aa^Fpa, Re, Re, Aa, Aa, Aa^Fpa, Ss, Ai, Ss, Ai, Aa, Rra, Ha, Ha, Wo, Wo, Ha, Ha, Wo, Aa, Ha, Ha, Aa, Ha, Re, Re, Aa, Aa, Aa^Fpa, Aa, Ha, Ha, Ha, Ha, Ms, Ms, Ms, Ms, Ha, Ha, Ha, Aa, Ss
Wo, Wo, Aa, Ai, Aa, Aa, Aa, Aa, Re, Aa^Fpa, Ha, Aa^Fpa, Aa^Fpa, Re, Aa, Ai, Ss, Aa^Fpa, Ai, Ss, Aa, Rra, Ha, Wo, Ha, Ha, Wo, Wo, Aa, Ha, Ms, Ha, Ha, Aa, Re, Aa, Aa, Aa, Aa, Aa, Ha, Ms, Ms, Ms, Ms, Ms^Xm, Ms, Ms, Ha, Ha, Ha, Aa, Ai
Ai, Re, Re, Ha, Aa, Aa, Re, Ha, Re, Aa^Fpa, Aa^Fpa, Aa^Feta, Aa, Re, Re, Aa, Aa, Aa^Fpa, Ss, Ss, Ha, Rra, Rra, Ha, Ww, Wo, Aa, Ha, Ha, Ha, Aa^Fpa, Ha, Ha, Aa, Re, Aa, Ai, Aa^Vha, Aa, Ha, Ha, Ms, Aa, Ha, Ha, Ms, Ha, Ha, Ha, Ha, Aa, Ai, Ai
Aa, Aa^Vha, Re, Ha, Re, Re, Aa^Fpa, Re, Aa^Fpa, Aa^Fpa, Aa^Feta, Aa^Vea, Aa^Fpa, Aa^Fpa, Aa^Fpa, Re, Re, Aa, Aa, Ha, Ha, Ms, Rra, Ha, Ww, Ww, Ha, Ha, Ha, Aa^Fpa, Aa^Fpa, Aa^Fpa, Aa, Aa, Re, Aa, Aa, Ai, Ha, Ha, Ha, Ha, Aa, Ha, Aa, Ha, Aa, Ha, Aa, Aa, Aa, Ai, Ss
Ai, Ai, Aa, Re, Aa, Aa^Fpa, Aa, Aa^Fpa, Aa^Fpa, Ha, Aa^Fpa, Aa^Fpa, Aa^Fpa, Aa^Fpa, Wo, Aa, Aa, Re, Aa, Ha, Wo, Ha, Ww^Bw|, Ww, Ha, Ha, Ms, Ms, Ha, Aa^Fpa, Aa, Aa^Fpa, Re, Re, Aa, Aa, Aa, Aa, Ha, Ms, Ha, Ha, Aa, Aa, Ss, Aa, Ss, Aa, Ss, Ai, Ai, Ss, Ss
Aa, Ai, Ha, Aa, Aa, Aa^Fpa, Aa, Aa^Fpa, Aa^Fpa, Aa^Fpa, Ww, Ww, Ww, Wo, Aa^Fpa, Wo, Ww, Ww^Bw|, Ww, Wo, Ha, Ww, Rra, Ha, Ha, Ms, Ha, Ha, Aa, Aa, Re, Re, Ai, Ai, Aa, Aa, Aa, Ha, Ms, Ms, Ha, Aa, Ss, Ss, Ai, Ss, Ss, Ss, Aa, Ss, Ss, Ss, Ai
Wo, Ha, Aa, Aa, Aa^Fpa, Aa^Vea, Aa^Fpa, Aa^Feta, Wo, Ww, Aa^Vea, Aa^Fpa, Aa^Fpa, Aa^Fpa, Ha, Aa^Fpa, Aa, Re, Aa^Esa, Ha, Ai, Rra^Vha, Aa, Ha, Ai, Aa, Aa, Aa, Aa, Re, Aa, Aa, Aa^Vha, Ai, Aa, Aa, Aa, Ha, Ha, Ha, Aa, Aa, Ai, Ss, Ss, Ss, Aa, Aa, Aa, Ss, Ai, Ai, Ai
Aa, Wo, Wo, Wo, Wo, Aa^Fpa, Wo, Wo, Aa^Fpa, Aa^Feta, Aa, Aa, Aa^Fpa, Aa^Feta, Aa^Vea, Aa^Fpa, Aa, Re, Aa, Ai, Ai, Aa, Ai, Ai, Ai, Aa, Ai, Aa^Vha, Rd, Rd, Ai, Aa, Ai, Aa, Ai, Aa, Ai, Ai, Ai, Ai, Aa, Ai, Ai, Ss, Ai, Ai, Ai, Ss^Vhs, Ss, Aa, Aa, Ai, Ai
Aa, Ai, Ai, Ai, Ai, Wo, Aa^Fpa, Aa^Fpa, Aa^Fpa, Aa^Fpa, Aa^Fpa, Aa^Fpa, Aa^Fpa, Aa^Fpa, Ai, Aa, Rd, Rd, Ai, Ai, Ai, Ai, Aa, Ai, Ai, Ai, Aa, Rd, Ai, Ai, Aa, Ai, Ai, Aa, Aa, Ai, Aa, Ai, Ai, Aa, Ss, Ss^Vhs, Aa, Ai, Ss, Ai, Aa, Ss, Ai, Ai, Ss, Ai, Ai
Aa, Aa, Aa, Aa, Aa, Ai, Ai, Ai, Ai, Aa^Fpa, Aa^Fpa, Aa^Fpa, Ai, Ai, Ai, Rd, Ai, Ai, Ai, Ai, Ai, Ai, Ai, Ai, Ai, Ai, Ai, Rd, Ai, Ai, Ai, Ai, Ai, Ai, Ai, Ai, Ai, Ai, Ai, Ai, Ai, Ss, Ai, Ai, Ss, Ss, Ai, Ai, Ss, Ss, Ss, Ai, Ai
Xv, Xv, Xv, Xv, Xv, Xv, Xv, Xv, Xv, Xv, Xv, Xv, Xv, Xv, Xv, Xv, Xv, Xv, Xv, Xv, Xv, Xv, Xv, Xv, Xv, Xv, Xv, Xv, Xv, Xv, Xv, Xv, Xv, Xv, Xv, Xv, Xv, Xv, Xv, Xv, Xv, Xv, Xv, Xv, Xv, Xv, Xv, Xv, Xv, Xv, Xv, Xv, Xv
Xv, Xv, Xv, Xv, Xv, Xv, Xv, Xv, Xv, Xv, Xv, Xv, Xv, Xv, Xv, Xv, Xv, Xv, Xv, Xv, Xv, Xv, Xv, Xv, Xv, Xv, Xv, Xv, Xv, Xv, Xv, Xv, Xv, Xv, Xv, Xv, Xv, Xv, Xv, Xv, Xv, Xv, Xv, Xv, Xv, Xv, Xv, Xv, Xv, Xv, Xv, Xv, Xv
Xv, Xv, Xv, Xv, Xv, Xv, Xv, Xv, Xv, Xv, Xv, Xv, Xv, Xv, Xv, Xv, Xv, Xv, Xv, Xv, Xv, Xv, Xv, Xv, Xv, Xv, Xv, Xv, Xv, Xv, Xv, Xv, Xv, Xv, Xv, Xv, Xv, Xv, Xv, Xv, Xv, Xv, Xv, Xv, Xv, Xv, Xv, 5 Xv, Xv, 4 Xv, Xv, 1 Xv, Xv
Xv, Xv, Xv, Xv, Xv, Xv, Xv, Xv, Xv, Xv, Xv, Xv, Xv, Xv, Xv, Xv, Xv, Xv, Xv, Xv, Xv, Xv, Xv, Xv, Xv, Xv, Xv, Xv, Xv, Xv, Xv, Xv, Xv, Xv, Xv, Xv, Xv, Xv, Xv, Xv, Xv, Xv, Xv, Xv, Xv, Xv, Xv, Xv, Xv, Xv, Xv, Xv, Xv
Xv, Xv, Xv, Xv, Xv, Xv, Xv, Xv, Xv, Xv, Xv, Xv, Xv, Xv, Xv, Xv, Xv, Xv, Xv, Xv, Xv, Xv, Xv, Xv, Xv, Xv, Xv, Xv, Xv, Xv, Xv, Xv, Xv, Xv, Xv, Xv, Xv, Xv, Xv, Xv, Xv, Xv, Xv, Xv, Xv, Xv, Xv, 6 Xv, Xv, 3 Xv, Xv, 2 Xv, Xv
Xv, Xv, Xv, Xv, Xv, Xv, Xv, Xv, Xv, Xv, Xv, Xv, Xv, Xv, Xv, Xv, Xv, Xv, Xv, Xv, Xv, Xv, Xv, Xv, Xv, Xv, Xv, Xv, Xv, Xv, Xv, Xv, Xv, Xv, Xv, Xv, Xv, Xv, Xv, Xv, Xv, Xv, Xv, Xv, Xv, Xv, Xv, Xv, Xv, Xv, Xv, Xv, Xv
Xv, Xv, Xv, Xv, Xv, Xv, Xv, Xv, Xv, Xv, Xv, Xv, Xv, Xv, Xv, Xv, Xv, Xv, Xv, Xv, Xv, Xv, Xv, Xv, Xv, Xv, Xv, Xv, Xv, Xv, Xv, Xv, Xv, Xv, Xv, Xv, Xv, Xv, Xv, Xv, Xv, Xv, Xv, Xv, Xv, Xv, Xv, Xv, Xv, Xv, Xv, Xv, Xv
